Archive member included to satisfy reference by file (symbol)

app/libapp.a(main.c.obj)      (--whole-archive)
zephyr/libzephyr.a(validate_libc.c.obj)
                              (--whole-archive)
zephyr/libzephyr.a(heap.c.obj)
                              (--whole-archive)
zephyr/libzephyr.a(cbprintf_packaged.c.obj)
                              (--whole-archive)
zephyr/libzephyr.a(clock.c.obj)
                              (--whole-archive)
zephyr/libzephyr.a(printk.c.obj)
                              (--whole-archive)
zephyr/libzephyr.a(sem.c.obj)
                              (--whole-archive)
zephyr/libzephyr.a(thread_entry.c.obj)
                              (--whole-archive)
zephyr/libzephyr.a(cbprintf_complete.c.obj)
                              (--whole-archive)
zephyr/libzephyr.a(assert.c.obj)
                              (--whole-archive)
zephyr/libzephyr.a(mpsc_pbuf.c.obj)
                              (--whole-archive)
zephyr/libzephyr.a(dec.c.obj)
                              (--whole-archive)
zephyr/libzephyr.a(hex.c.obj)
                              (--whole-archive)
zephyr/libzephyr.a(rb.c.obj)  (--whole-archive)
zephyr/libzephyr.a(timeutil.c.obj)
                              (--whole-archive)
zephyr/libzephyr.a(bitarray.c.obj)
                              (--whole-archive)
zephyr/libzephyr.a(ring_buffer.c.obj)
                              (--whole-archive)
zephyr/libzephyr.a(last_section_id.c.obj)
                              (--whole-archive)
zephyr/libzephyr.a(configs.c.obj)
                              (--whole-archive)
zephyr/libzephyr.a(stm32cube_hal.c.obj)
                              (--whole-archive)
zephyr/libzephyr.a(soc_config.c.obj)
                              (--whole-archive)
zephyr/libzephyr.a(stm32_backup_domain.c.obj)
                              (--whole-archive)
zephyr/libzephyr.a(soc.c.obj)
                              (--whole-archive)
zephyr/libzephyr.a(log_core.c.obj)
                              (--whole-archive)
zephyr/libzephyr.a(log_mgmt.c.obj)
                              (--whole-archive)
zephyr/libzephyr.a(log_cache.c.obj)
                              (--whole-archive)
zephyr/libzephyr.a(log_msg.c.obj)
                              (--whole-archive)
zephyr/libzephyr.a(log_output.c.obj)
                              (--whole-archive)
zephyr/libzephyr.a(log_backend_uart.c.obj)
                              (--whole-archive)
zephyr/libzephyr.a(mem_attr.c.obj)
                              (--whole-archive)
zephyr/libzephyr.a(tracing_none.c.obj)
                              (--whole-archive)
zephyr/arch/common/libarch__common.a(sw_isr_common.c.obj)
                              (--whole-archive)
zephyr/arch/arch/arm/core/libarch__arm__core.a(fatal.c.obj)
                              (--whole-archive)
zephyr/arch/arch/arm/core/libarch__arm__core.a(nmi.c.obj)
                              (--whole-archive)
zephyr/arch/arch/arm/core/libarch__arm__core.a(nmi_on_reset.S.obj)
                              (--whole-archive)
zephyr/arch/arch/arm/core/libarch__arm__core.a(tls.c.obj)
                              (--whole-archive)
zephyr/arch/arch/arm/core/cortex_m/libarch__arm__core__cortex_m.a(exc_exit.c.obj)
                              (--whole-archive)
zephyr/arch/arch/arm/core/cortex_m/libarch__arm__core__cortex_m.a(fault.c.obj)
                              (--whole-archive)
zephyr/arch/arch/arm/core/cortex_m/libarch__arm__core__cortex_m.a(fault_s.S.obj)
                              (--whole-archive)
zephyr/arch/arch/arm/core/cortex_m/libarch__arm__core__cortex_m.a(fpu.c.obj)
                              (--whole-archive)
zephyr/arch/arch/arm/core/cortex_m/libarch__arm__core__cortex_m.a(reset.S.obj)
                              (--whole-archive)
zephyr/arch/arch/arm/core/cortex_m/libarch__arm__core__cortex_m.a(scb.c.obj)
                              (--whole-archive)
zephyr/arch/arch/arm/core/cortex_m/libarch__arm__core__cortex_m.a(thread_abort.c.obj)
                              (--whole-archive)
zephyr/arch/arch/arm/core/cortex_m/libarch__arm__core__cortex_m.a(vector_table.S.obj)
                              (--whole-archive)
zephyr/arch/arch/arm/core/cortex_m/libarch__arm__core__cortex_m.a(swap_helper.S.obj)
                              (--whole-archive)
zephyr/arch/arch/arm/core/cortex_m/libarch__arm__core__cortex_m.a(irq_manage.c.obj)
                              (--whole-archive)
zephyr/arch/arch/arm/core/cortex_m/libarch__arm__core__cortex_m.a(prep_c.c.obj)
                              (--whole-archive)
zephyr/arch/arch/arm/core/cortex_m/libarch__arm__core__cortex_m.a(thread.c.obj)
                              (--whole-archive)
zephyr/arch/arch/arm/core/cortex_m/libarch__arm__core__cortex_m.a(cpu_idle.c.obj)
                              (--whole-archive)
zephyr/arch/arch/arm/core/cortex_m/libarch__arm__core__cortex_m.a(irq_init.c.obj)
                              (--whole-archive)
[...]
Memory Configuration

Name             Origin             Length             Attributes
FLASH            0x0000000008000000 0x0000000000040000 xr
RAM              0x0000000020000000 0x0000000000010000 xw
IDT_LIST         0x00000000ffff7fff 0x0000000000008000 xw
*default*        0x0000000000000000 0xffffffffffffffff

Linker script and memory map

                0x0000000008005550                vfprintf = __d_vfprintf
                0x0000000000000000                vfscanf = __d_vfscanf
LOAD zephyr/CMakeFiles/zephyr_pre0.dir/misc/empty_file.c.obj
LOAD zephyr/CMakeFiles/offsets.dir/./arch/arm/core/offsets/offsets.c.obj
LOAD app/libapp.a
LOAD zephyr/libzephyr.a
LOAD zephyr/arch/common/libarch__common.a
LOAD zephyr/arch/arch/arm/core/libarch__arm__core.a
LOAD zephyr/arch/arch/arm/core/cortex_m/libarch__arm__core__cortex_m.a
LOAD zephyr/arch/arch/arm/core/mpu/libarch__arm__core__mpu.a
LOAD zephyr/lib/libc/picolibc/liblib__libc__picolibc.a
LOAD zephyr/lib/libc/common/liblib__libc__common.a
LOAD zephyr/drivers/interrupt_controller/libdrivers__interrupt_controller.a
LOAD zephyr/drivers/adc/libdrivers__adc.a
LOAD zephyr/drivers/clock_control/libdrivers__clock_control.a
LOAD zephyr/drivers/console/libdrivers__console.a
LOAD zephyr/drivers/gpio/libdrivers__gpio.a
LOAD zephyr/drivers/pinctrl/libdrivers__pinctrl.a
LOAD zephyr/drivers/reset/libdrivers__reset.a
LOAD zephyr/drivers/serial/libdrivers__serial.a
LOAD zephyr/drivers/timer/libdrivers__timer.a
LOAD modules/hal_stm32/stm32cube/lib..__modules__hal__stm32__stm32cube.a
LOAD zephyr/kernel/libkernel.a
LOAD zephyr/arch/common/libisr_tables.a
LOAD c:\asignaturas\emb_pla_com\zephyr-sdk-0.17.2\arm-zephyr-eabi\bin\../lib/gcc/../../picolibc/arm-zephyr-eabi/lib/thumb/v7e-m/nofp\libc.a
LOAD c:/asignaturas/emb_pla_com/zephyr-sdk-0.17.2/arm-zephyr-eabi/bin/../lib/gcc/arm-zephyr-eabi/12.2.0/thumb/v7e-m/nofp\libgcc.a
                0x0000000000000020                _region_min_align = 0x20

.rel.plt        0x0000000008000000        0x0
 *(SORT_BY_ALIGNMENT(.rel.plt))
                [!provide]                        PROVIDE (__rel_iplt_start = .)
 *(SORT_BY_ALIGNMENT(.rel.iplt))
 .rel.iplt      0x0000000008000000        0x0 app/libapp.a(main.c.obj)
                [!provide]                        PROVIDE (__rel_iplt_end = .)

.rela.plt       0x0000000000000000        0x0
 *(SORT_BY_ALIGNMENT(.rela.plt))
                [!provide]                        PROVIDE (__rela_iplt_start = .)
 *(SORT_BY_ALIGNMENT(.rela.iplt))
                [!provide]                        PROVIDE (__rela_iplt_end = .)

.rel.dyn
 *(SORT_BY_ALIGNMENT(.rel.*))

.rela.dyn
 *(SORT_BY_ALIGNMENT(.rela.*))

/DISCARD/
 *(SORT_BY_ALIGNMENT(.plt))

/DISCARD/
 *(SORT_BY_ALIGNMENT(.iplt))
                0x0000000008000000                __rom_region_start = 0x8000000

rom_start       0x0000000008000000      0x138
                0x0000000008000000                __rom_start_address = .
 FILL mask 0x00
                0x0000000008000000                . = (. + (0x0 - (. - __rom_start_address)))
                0x0000000008000000                . = ALIGN (0x4)
                0x0000000008000000                . = ALIGN (0x80)
                0x0000000008000000                . = ALIGN (0x200)
                0x0000000008000000                _vector_start = .
 *(SORT_BY_ALIGNMENT(.exc_vector_table))
 *(SORT_BY_ALIGNMENT(.exc_vector_table.*))
 .exc_vector_table._vector_table_section
                0x0000000008000000       0x40 zephyr/arch/arch/arm/core/cortex_m/libarch__arm__core__cortex_m.a(vector_table.S.obj)
                0x0000000008000000                _vector_table
 *(SORT_BY_ALIGNMENT(.vectors))
                0x0000000008000138                _vector_end = .
                0x0000000008000040                . = ALIGN (0x4)
 *(SORT_BY_ALIGNMENT(.gnu.linkonce.irq_vector_table*))
 .gnu.linkonce.irq_vector_table
                0x0000000008000040       0xf8 zephyr/arch/common/libisr_tables.a(isr_tables.c.obj)
                0x0000000008000040                _irq_vector_table
                0x0000000008000138                _vector_end = .

text            0x0000000008000138     0x804c
                0x0000000008000138                __text_region_start = .
 *(SORT_BY_ALIGNMENT(.text))
 .text          0x0000000008000138      0x378 c:/asignaturas/emb_pla_com/zephyr-sdk-0.17.2/arm-zephyr-eabi/bin/../lib/gcc/arm-zephyr-eabi/12.2.0/thumb/v7e-m/nofp\libgcc.a(_arm_addsubdf3.o)
                0x0000000008000138                __aeabi_drsub
                0x0000000008000140                __aeabi_dsub
                0x0000000008000140                __subdf3
                0x0000000008000144                __aeabi_dadd
                0x0000000008000144                __adddf3
                0x00000000080003bc                __floatunsidf
                0x00000000080003bc                __aeabi_ui2d
                0x00000000080003dc                __floatsidf
                0x00000000080003dc                __aeabi_i2d
                0x0000000008000400                __aeabi_f2d
                0x0000000008000400                __extendsfdf2
                0x0000000008000444                __floatundidf
                0x0000000008000444                __aeabi_ul2d
                0x0000000008000454                __floatdidf
                0x0000000008000454                __aeabi_l2d
 .text          0x00000000080004b0      0x21c c:/asignaturas/emb_pla_com/zephyr-sdk-0.17.2/arm-zephyr-eabi/bin/../lib/gcc/arm-zephyr-eabi/12.2.0/thumb/v7e-m/nofp\libgcc.a(_arm_addsubsf3.o)
                0x00000000080004b0                __aeabi_frsub
                0x00000000080004b8                __subsf3
                0x00000000080004b8                __aeabi_fsub
                0x00000000080004bc                __aeabi_fadd
                0x00000000080004bc                __addsf3
                0x000000000800061c                __aeabi_ui2f
                0x000000000800061c                __floatunsisf
                0x0000000008000624                __aeabi_i2f
                0x0000000008000624                __floatsisf
                0x0000000008000640                __aeabi_ul2f
                0x0000000008000640                __floatundisf
                0x0000000008000650                __aeabi_l2f
                0x0000000008000650                __floatdisf
 .text          0x00000000080006cc      0x2a0 c:/asignaturas/emb_pla_com/zephyr-sdk-0.17.2/arm-zephyr-eabi/bin/../lib/gcc/arm-zephyr-eabi/12.2.0/thumb/v7e-m/nofp\libgcc.a(_arm_muldivsf3.o)
                0x00000000080006cc                __mulsf3
                0x00000000080006cc                __aeabi_fmul
                0x0000000008000834                __aeabi_fdiv
                0x0000000008000834                __divsf3
 .text          0x000000000800096c       0xec c:/asignaturas/emb_pla_com/zephyr-sdk-0.17.2/arm-zephyr-eabi/bin/../lib/gcc/arm-zephyr-eabi/12.2.0/thumb/v7e-m/nofp\libgcc.a(_arm_cmpsf2.o)
                0x000000000800096c                __gesf2
                0x000000000800096c                __gtsf2
                0x0000000008000974                __lesf2
                0x0000000008000974                __ltsf2
                0x000000000800097c                __nesf2
                0x000000000800097c                __eqsf2
                0x000000000800097c                __cmpsf2
                0x00000000080009dc                __aeabi_cfrcmple
                0x00000000080009e4                __aeabi_cfcmpeq
                0x00000000080009e4                __aeabi_cfcmple
                0x00000000080009f4                __aeabi_fcmpeq
                0x0000000008000a08                __aeabi_fcmplt
                0x0000000008000a1c                __aeabi_fcmple
                0x0000000008000a30                __aeabi_fcmpge
                0x0000000008000a44                __aeabi_fcmpgt
 .text          0x0000000008000a58       0x4c c:/asignaturas/emb_pla_com/zephyr-sdk-0.17.2/arm-zephyr-eabi/bin/../lib/gcc/arm-zephyr-eabi/12.2.0/thumb/v7e-m/nofp\libgcc.a(_arm_fixsfsi.o)
                0x0000000008000a58                __aeabi_f2iz
                0x0000000008000a58                __fixsfsi
 .text          0x0000000008000aa4       0x30 c:/asignaturas/emb_pla_com/zephyr-sdk-0.17.2/arm-zephyr-eabi/bin/../lib/gcc/arm-zephyr-eabi/12.2.0/thumb/v7e-m/nofp\libgcc.a(_aeabi_uldivmod.o)
                0x0000000008000aa4                __aeabi_uldivmod
 .text          0x0000000008000ad4        0x4 c:/asignaturas/emb_pla_com/zephyr-sdk-0.17.2/arm-zephyr-eabi/bin/../lib/gcc/arm-zephyr-eabi/12.2.0/thumb/v7e-m/nofp\libgcc.a(_dvmd_tls.o)
                0x0000000008000ad4                __aeabi_idiv0
                0x0000000008000ad4                __aeabi_ldiv0
 .text          0x0000000008000ad8       0x10 c:\asignaturas\emb_pla_com\zephyr-sdk-0.17.2\arm-zephyr-eabi\bin\../lib/gcc/../../picolibc/arm-zephyr-eabi/lib/thumb/v7e-m/nofp\libc.a(strlen.S.o)
                0x0000000008000ad8                strlen
 .text          0x0000000008000ae8       0x26 c:/asignaturas/emb_pla_com/zephyr-sdk-0.17.2/arm-zephyr-eabi/bin/../lib/gcc/arm-zephyr-eabi/12.2.0/thumb/v7e-m/nofp\libgcc.a(_popcountsi2.o)
                0x0000000008000ae8                __popcountsi2
 .text          0x0000000008000b0e      0x2a0 c:/asignaturas/emb_pla_com/zephyr-sdk-0.17.2/arm-zephyr-eabi/bin/../lib/gcc/arm-zephyr-eabi/12.2.0/thumb/v7e-m/nofp\libgcc.a(_udivmoddi4.o)
                0x0000000008000b0e                __udivmoddi4
 *(SORT_BY_ALIGNMENT(.text.*))
 *fill*         0x0000000008000dae        0x2 
 .text.nmea_to_degrees
                0x0000000008000db0       0xe0 app/libapp.a(main.c.obj)
 .text.uart_isr
                0x0000000008000e90      0x190 app/libapp.a(main.c.obj)
 .text.my_thread_func
                0x0000000008001020       0x1c app/libapp.a(main.c.obj)
                0x0000000008001020                my_thread_func
 .text.main     0x000000000800103c       0x7c app/libapp.a(main.c.obj)
                0x000000000800103c                main
 .text.cbvprintf_package
                0x00000000080010b8      0x3a4 zephyr/libzephyr.a(cbprintf_packaged.c.obj)
                0x00000000080010b8                cbvprintf_package
 .text.cbprintf_package_convert
                0x000000000800145c      0x3cc zephyr/libzephyr.a(cbprintf_packaged.c.obj)
                0x000000000800145c                cbprintf_package_convert
 .text.__printk_hook_install
                0x0000000008001828        0xc zephyr/libzephyr.a(printk.c.obj)
                0x0000000008001828                __printk_hook_install
 .text.z_thread_entry
                0x0000000008001834       0x34 zephyr/libzephyr.a(thread_entry.c.obj)
                0x0000000008001834                z_thread_entry
 .text.st_stm32_common_config
                0x0000000008001868       0x14 zephyr/libzephyr.a(soc_config.c.obj)
 .text.stm32_backup_domain_enable_access
                0x000000000800187c       0x3c zephyr/libzephyr.a(stm32_backup_domain.c.obj)
                0x000000000800187c                stm32_backup_domain_enable_access
 .text.stm32_backup_domain_disable_access
                0x00000000080018b8       0x74 zephyr/libzephyr.a(stm32_backup_domain.c.obj)
                0x00000000080018b8                stm32_backup_domain_disable_access
 .text.soc_early_init_hook
                0x000000000800192c       0x30 zephyr/libzephyr.a(soc.c.obj)
                0x000000000800192c                soc_early_init_hook
 .text.activate_foreach_backend
                0x000000000800195c       0x64 zephyr/libzephyr.a(log_core.c.obj)
 .text.enable_logger
                0x00000000080019c0       0x5c zephyr/libzephyr.a(log_core.c.obj)
 .text.log_process_thread_timer_expiry_fn
                0x0000000008001a1c        0xc zephyr/libzephyr.a(log_core.c.obj)
 .text.z_log_init
                0x0000000008001a28       0x94 zephyr/libzephyr.a(log_core.c.obj)
 .text.log_format_func_t_get
                0x0000000008001abc        0xc zephyr/libzephyr.a(log_core.c.obj)
                0x0000000008001abc                log_format_func_t_get
 .text.log_set_timestamp_func
                0x0000000008001ac8       0x20 zephyr/libzephyr.a(log_core.c.obj)
                0x0000000008001ac8                log_set_timestamp_func
 .text.z_log_notify_backend_enabled
                0x0000000008001ae8       0x1c zephyr/libzephyr.a(log_core.c.obj)
                0x0000000008001ae8                z_log_notify_backend_enabled
 .text.z_log_dropped
                0x0000000008001b04       0x44 zephyr/libzephyr.a(log_core.c.obj)
                0x0000000008001b04                z_log_dropped
 .text.z_log_dropped_read_and_clear
                0x0000000008001b48       0x20 zephyr/libzephyr.a(log_core.c.obj)
                0x0000000008001b48                z_log_dropped_read_and_clear
 .text.dropped_notify
                0x0000000008001b68       0x30 zephyr/libzephyr.a(log_core.c.obj)
                0x0000000008001b68                dropped_notify
 .text.z_log_msg_init
                0x0000000008001b98       0x20 zephyr/libzephyr.a(log_core.c.obj)
                0x0000000008001b98                z_log_msg_init
 .text.log_core_init
                0x0000000008001bb8       0x50 zephyr/libzephyr.a(log_core.c.obj)
                0x0000000008001bb8                log_core_init
 .text.z_log_msg_alloc
                0x0000000008001c08       0x10 zephyr/libzephyr.a(log_core.c.obj)
                0x0000000008001c08                z_log_msg_alloc
 .text.z_log_msg_local_claim
                0x0000000008001c18        0xc zephyr/libzephyr.a(log_core.c.obj)
                0x0000000008001c18                z_log_msg_local_claim
 .text.z_log_msg_free
                0x0000000008001c24       0x10 zephyr/libzephyr.a(log_core.c.obj)
                0x0000000008001c24                z_log_msg_free
 .text.z_log_msg_pending
                0x0000000008001c34        0xc zephyr/libzephyr.a(log_core.c.obj)
                0x0000000008001c34                z_log_msg_pending
 .text.z_impl_log_process
                0x0000000008001c40       0xb4 zephyr/libzephyr.a(log_core.c.obj)
                0x0000000008001c40                z_impl_log_process
 .text.z_impl_log_panic
                0x0000000008001cf4       0x44 zephyr/libzephyr.a(log_core.c.obj)
                0x0000000008001cf4                z_impl_log_panic
 .text.log_process_thread_func
                0x0000000008001d38       0xa4 zephyr/libzephyr.a(log_core.c.obj)
 .text.z_log_msg_post_finalize
                0x0000000008001ddc       0x78 zephyr/libzephyr.a(log_core.c.obj)
 .text.z_log_msg_commit
                0x0000000008001e54       0x24 zephyr/libzephyr.a(log_core.c.obj)
                0x0000000008001e54                z_log_msg_commit
 .text.log_source_name_get
                0x0000000008001e78       0x1c zephyr/libzephyr.a(log_mgmt.c.obj)
                0x0000000008001e78                log_source_name_get
 .text.z_impl_z_log_msg_static_create
                0x0000000008001e94      0x108 zephyr/libzephyr.a(log_msg.c.obj)
                0x0000000008001e94                z_impl_z_log_msg_static_create
 .text.z_log_msg_runtime_vcreate
                0x0000000008001f9c       0xa0 zephyr/libzephyr.a(log_msg.c.obj)
                0x0000000008001f9c                z_log_msg_runtime_vcreate
 .text.log_msg_get_source_id
                0x000000000800203c       0x18 zephyr/libzephyr.a(log_msg.c.obj)
                0x000000000800203c                log_msg_get_source_id
 .text.print_formatted
                0x0000000008002054       0x24 zephyr/libzephyr.a(log_output.c.obj)
 .text.newline_print
                0x0000000008002078       0x1c zephyr/libzephyr.a(log_output.c.obj)
 .text.log_output_process
                0x0000000008002094      0x2d4 zephyr/libzephyr.a(log_output.c.obj)
                0x0000000008002094                log_output_process
 .text.log_output_dropped_process
                0x0000000008002368       0x58 zephyr/libzephyr.a(log_output.c.obj)
                0x0000000008002368                log_output_dropped_process
 .text.log_output_timestamp_freq_set
                0x00000000080023c0       0x2c zephyr/libzephyr.a(log_output.c.obj)
                0x00000000080023c0                log_output_timestamp_freq_set
 .text.char_out
                0x00000000080023ec       0x24 zephyr/libzephyr.a(log_backend_uart.c.obj)
 .text.mem_attr_get_regions
                0x0000000008002410        0xc zephyr/libzephyr.a(mem_attr.c.obj)
                0x0000000008002410                mem_attr_get_regions
 .text.z_arm_fatal_error
                0x000000000800241c       0xb8 zephyr/arch/arch/arm/core/libarch__arm__core.a(fatal.c.obj)
                0x000000000800241c                z_arm_fatal_error
 .text.z_SysNmiOnReset
                0x00000000080024d4        0x8 zephyr/arch/arch/arm/core/libarch__arm__core.a(nmi_on_reset.S.obj)
                0x00000000080024d4                z_SysNmiOnReset
 .text.arch_tls_stack_setup
                0x00000000080024dc       0x40 zephyr/arch/arch/arm/core/libarch__arm__core.a(tls.c.obj)
                0x00000000080024dc                arch_tls_stack_setup
 .text._HandlerModeExit
                0x000000000800251c       0x20 zephyr/arch/arch/arm/core/cortex_m/libarch__arm__core__cortex_m.a(exc_exit.c.obj)
                0x000000000800251c                z_arm_int_exit
                0x000000000800251c                z_arm_exc_exit
 .text.bus_fault.constprop.0
                0x000000000800253c       0xb8 zephyr/arch/arch/arm/core/cortex_m/libarch__arm__core__cortex_m.a(fault.c.obj)
 .text.usage_fault.constprop.0
                0x00000000080025f4       0xa8 zephyr/arch/arch/arm/core/cortex_m/libarch__arm__core__cortex_m.a(fault.c.obj)
 .text.mem_manage_fault
                0x000000000800269c       0xe4 zephyr/arch/arch/arm/core/cortex_m/libarch__arm__core__cortex_m.a(fault.c.obj)
 .text.z_arm_fault
                0x0000000008002780      0x1d4 zephyr/arch/arch/arm/core/cortex_m/libarch__arm__core__cortex_m.a(fault.c.obj)
                0x0000000008002780                z_arm_fault
 .text.z_arm_fault_init
                0x0000000008002954       0x18 zephyr/arch/arch/arm/core/cortex_m/libarch__arm__core__cortex_m.a(fault.c.obj)
                0x0000000008002954                z_arm_fault_init
 .text.__fault  0x000000000800296c       0x14 zephyr/arch/arch/arm/core/cortex_m/libarch__arm__core__cortex_m.a(fault_s.S.obj)
                0x000000000800296c                z_arm_usage_fault
                0x000000000800296c                z_arm_mpu_fault
                0x000000000800296c                z_arm_exc_spurious
                0x000000000800296c                z_arm_debug_monitor
                0x000000000800296c                z_arm_hard_fault
                0x000000000800296c                z_arm_bus_fault
 .text._reset_section
                0x0000000008002980       0x34 zephyr/arch/arch/arm/core/cortex_m/libarch__arm__core__cortex_m.a(reset.S.obj)
                0x0000000008002980                __start
                0x0000000008002980                z_arm_reset
 .text.z_impl_k_thread_abort
                0x00000000080029b4       0x2c zephyr/arch/arch/arm/core/cortex_m/libarch__arm__core__cortex_m.a(thread_abort.c.obj)
                0x00000000080029b4                z_impl_k_thread_abort
 .text.z_arm_pendsv
                0x00000000080029e0       0x64 zephyr/arch/arch/arm/core/cortex_m/libarch__arm__core__cortex_m.a(swap_helper.S.obj)
                0x00000000080029e0                z_arm_pendsv
 .text.z_arm_svc
                0x0000000008002a44       0x24 zephyr/arch/arch/arm/core/cortex_m/libarch__arm__core__cortex_m.a(swap_helper.S.obj)
                0x0000000008002a44                z_arm_svc
 .text.arm_irq_enable
                0x0000000008002a68       0x1c zephyr/arch/arch/arm/core/cortex_m/libarch__arm__core__cortex_m.a(irq_manage.c.obj)
                0x0000000008002a68                arm_irq_enable
 .text.arm_irq_priority_set
                0x0000000008002a84       0x30 zephyr/arch/arch/arm/core/cortex_m/libarch__arm__core__cortex_m.a(irq_manage.c.obj)
                0x0000000008002a84                arm_irq_priority_set
 .text.relocate_vector_table
                0x0000000008002ab4       0x1c zephyr/arch/arch/arm/core/cortex_m/libarch__arm__core__cortex_m.a(prep_c.c.obj)
                0x0000000008002ab4                relocate_vector_table
 .text.arch_new_thread
                0x0000000008002ad0       0x38 zephyr/arch/arch/arm/core/cortex_m/libarch__arm__core__cortex_m.a(thread.c.obj)
                0x0000000008002ad0                arch_new_thread
 .text.z_check_thread_stack_fail
                0x0000000008002b08       0x2c zephyr/arch/arch/arm/core/cortex_m/libarch__arm__core__cortex_m.a(thread.c.obj)
                0x0000000008002b08                z_check_thread_stack_fail
 .text.arch_switch_to_main_thread
                0x0000000008002b34       0x40 zephyr/arch/arch/arm/core/cortex_m/libarch__arm__core__cortex_m.a(thread.c.obj)
                0x0000000008002b34                arch_switch_to_main_thread
 .text.z_arm_cpu_idle_init
                0x0000000008002b74        0xc zephyr/arch/arch/arm/core/cortex_m/libarch__arm__core__cortex_m.a(cpu_idle.c.obj)
                0x0000000008002b74                z_arm_cpu_idle_init
 .text.z_arm_interrupt_init
                0x0000000008002b80       0x18 zephyr/arch/arch/arm/core/cortex_m/libarch__arm__core__cortex_m.a(irq_init.c.obj)
                0x0000000008002b80                z_arm_interrupt_init
 .text._isr_wrapper
                0x0000000008002b98       0x24 zephyr/arch/arch/arm/core/cortex_m/libarch__arm__core__cortex_m.a(isr_wrapper.c.obj)
                0x0000000008002b98                _isr_wrapper
 .text.z_arm_configure_static_mpu_regions
                0x0000000008002bbc       0x18 zephyr/arch/arch/arm/core/mpu/libarch__arm__core__mpu.a(arm_core_mpu.c.obj)
                0x0000000008002bbc                z_arm_configure_static_mpu_regions
 .text.z_arm_configure_dynamic_mpu_regions
                0x0000000008002bd4       0x20 zephyr/arch/arch/arm/core/mpu/libarch__arm__core__mpu.a(arm_core_mpu.c.obj)
                0x0000000008002bd4                z_arm_configure_dynamic_mpu_regions
 .text.region_allocate_and_init
                0x0000000008002bf4       0x54 zephyr/arch/arch/arm/core/mpu/libarch__arm__core__mpu.a(arm_mpu.c.obj)
 .text.mpu_configure_regions
                0x0000000008002c48       0x68 zephyr/arch/arch/arm/core/mpu/libarch__arm__core__mpu.a(arm_mpu.c.obj)
 .text.arm_core_mpu_enable
                0x0000000008002cb0       0x18 zephyr/arch/arch/arm/core/mpu/libarch__arm__core__mpu.a(arm_mpu.c.obj)
                0x0000000008002cb0                arm_core_mpu_enable
 .text.arm_core_mpu_disable
                0x0000000008002cc8       0x14 zephyr/arch/arch/arm/core/mpu/libarch__arm__core__mpu.a(arm_mpu.c.obj)
                0x0000000008002cc8                arm_core_mpu_disable
 .text.arm_core_mpu_configure_static_mpu_regions
                0x0000000008002cdc       0x14 zephyr/arch/arch/arm/core/mpu/libarch__arm__core__mpu.a(arm_mpu.c.obj)
                0x0000000008002cdc                arm_core_mpu_configure_static_mpu_regions
 .text.arm_core_mpu_configure_dynamic_mpu_regions
                0x0000000008002cf0       0x38 zephyr/arch/arch/arm/core/mpu/libarch__arm__core__mpu.a(arm_mpu.c.obj)
                0x0000000008002cf0                arm_core_mpu_configure_dynamic_mpu_regions
 .text.z_arm_mpu_init
                0x0000000008002d28      0x17c zephyr/arch/arch/arm/core/mpu/libarch__arm__core__mpu.a(arm_mpu.c.obj)
                0x0000000008002d28                z_arm_mpu_init
 .text.cbvprintf
                0x0000000008002ea4       0x38 zephyr/lib/libc/picolibc/liblib__libc__picolibc.a(cbprintf.c.obj)
                0x0000000008002ea4                cbvprintf
 .text.z_impl_zephyr_fputc
                0x0000000008002edc       0x10 zephyr/lib/libc/picolibc/liblib__libc__picolibc.a(stdio.c.obj)
                0x0000000008002edc                z_impl_zephyr_fputc
 .text.__stdout_hook_install
                0x0000000008002eec       0x18 zephyr/lib/libc/picolibc/liblib__libc__picolibc.a(stdio.c.obj)
                0x0000000008002eec                __stdout_hook_install
 .text.malloc_prepare
                0x0000000008002f04       0x24 zephyr/lib/libc/common/liblib__libc__common.a(malloc.c.obj)
 .text.stm32_fill_irq_table
                0x0000000008002f28       0x18 zephyr/drivers/interrupt_controller/libdrivers__interrupt_controller.a(intc_gpio_stm32.c.obj)
 .text.stm32_intc_gpio_isr
                0x0000000008002f40       0x54 zephyr/drivers/interrupt_controller/libdrivers__interrupt_controller.a(intc_gpio_stm32.c.obj)
 .text.stm32_gpio_intc_enable_line
                0x0000000008002f94       0x30 zephyr/drivers/interrupt_controller/libdrivers__interrupt_controller.a(intc_gpio_stm32.c.obj)
                0x0000000008002f94                stm32_gpio_intc_enable_line
 .text.stm32_gpio_intc_disable_line
                0x0000000008002fc4       0x14 zephyr/drivers/interrupt_controller/libdrivers__interrupt_controller.a(intc_gpio_stm32.c.obj)
                0x0000000008002fc4                stm32_gpio_intc_disable_line
 .text.stm32_gpio_intc_select_line_trigger
                0x0000000008002fd8       0x50 zephyr/drivers/interrupt_controller/libdrivers__interrupt_controller.a(intc_gpio_stm32.c.obj)
                0x0000000008002fd8                stm32_gpio_intc_select_line_trigger
 .text.stm32_gpio_intc_set_irq_callback
                0x0000000008003028       0x40 zephyr/drivers/interrupt_controller/libdrivers__interrupt_controller.a(intc_gpio_stm32.c.obj)
                0x0000000008003028                stm32_gpio_intc_set_irq_callback
 .text.stm32_gpio_intc_remove_irq_callback
                0x0000000008003068       0x24 zephyr/drivers/interrupt_controller/libdrivers__interrupt_controller.a(intc_gpio_stm32.c.obj)
                0x0000000008003068                stm32_gpio_intc_remove_irq_callback
 .text.stm32_exti_get_line_src_port
                0x000000000800308c       0x34 zephyr/drivers/interrupt_controller/libdrivers__interrupt_controller.a(intc_gpio_stm32.c.obj)
                0x000000000800308c                stm32_exti_get_line_src_port
 .text.stm32_exti_init
                0x00000000080030c0       0x48 zephyr/drivers/interrupt_controller/libdrivers__interrupt_controller.a(intc_exti_stm32.c.obj)
 .text.stm32_exti_is_pending
                0x0000000008003108       0x40 zephyr/drivers/interrupt_controller/libdrivers__interrupt_controller.a(intc_exti_stm32.c.obj)
                0x0000000008003108                stm32_exti_is_pending
 .text.stm32_exti_clear_pending
                0x0000000008003148       0x3c zephyr/drivers/interrupt_controller/libdrivers__interrupt_controller.a(intc_exti_stm32.c.obj)
                0x0000000008003148                stm32_exti_clear_pending
 .text.adc_stm32_channel_setup
                0x0000000008003184      0x10c zephyr/drivers/adc/libdrivers__adc.a(adc_stm32.c.obj)
 .text.adc_stm32_isr_18
                0x0000000008003290       0xe4 zephyr/drivers/adc/libdrivers__adc.a(adc_stm32.c.obj)
 .text.adc_stm32_calibrate.isra.0
                0x0000000008003374       0x64 zephyr/drivers/adc/libdrivers__adc.a(adc_stm32.c.obj)
 .text.adc_stm32_init
                0x00000000080033d8      0x110 zephyr/drivers/adc/libdrivers__adc.a(adc_stm32.c.obj)
 .text.adc_stm32_read
                0x00000000080034e8      0x268 zephyr/drivers/adc/libdrivers__adc.a(adc_stm32.c.obj)
 .text.stm32_clock_control_get_subsys_rate
                0x0000000008003750       0xb4 zephyr/drivers/clock_control/libdrivers__clock_control.a(clock_stm32_ll_common.c.obj)
 .text.stm32_clock_control_init
                0x0000000008003804      0x190 zephyr/drivers/clock_control/libdrivers__clock_control.a(clock_stm32_ll_common.c.obj)
                0x0000000008003804                stm32_clock_control_init
 .text.get_pllsrc_frequency
                0x0000000008003994        0x8 zephyr/drivers/clock_control/libdrivers__clock_control.a(clock_stm32l4_l5_wb_wl.c.obj)
                0x0000000008003994                get_pllsrc_frequency
 .text.config_pll_sysclock
                0x000000000800399c       0x24 zephyr/drivers/clock_control/libdrivers__clock_control.a(clock_stm32l4_l5_wb_wl.c.obj)
                0x000000000800399c                config_pll_sysclock
 .text.uart_console_init
                0x00000000080039c0       0x28 zephyr/drivers/console/libdrivers__console.a(uart_console.c.obj)
 .text.console_out
                0x00000000080039e8       0x28 zephyr/drivers/console/libdrivers__console.a(uart_console.c.obj)
 .text.gpio_stm32_pin_interrupt_configure
                0x0000000008003a10       0xb0 zephyr/drivers/gpio/libdrivers__gpio.a(gpio_stm32.c.obj)
 .text.gpio_stm32_init
                0x0000000008003ac0       0x38 zephyr/drivers/gpio/libdrivers__gpio.a(gpio_stm32.c.obj)
 .text.pinctrl_configure_pins
                0x0000000008003af8       0x84 zephyr/drivers/pinctrl/libdrivers__pinctrl.a(pinctrl_stm32.c.obj)
                0x0000000008003af8                pinctrl_configure_pins
 .text.uart_stm32_cfg2ll_stopbits
                0x0000000008003b7c       0x38 zephyr/drivers/serial/libdrivers__serial.a(uart_stm32.c.obj)
 .text.uart_stm32_irq_err_enable
                0x0000000008003bb4       0x48 zephyr/drivers/serial/libdrivers__serial.a(uart_stm32.c.obj)
 .text.uart_stm32_irq_err_disable
                0x0000000008003bfc       0x48 zephyr/drivers/serial/libdrivers__serial.a(uart_stm32.c.obj)
 .text.lpuartdiv_calc
                0x0000000008003c44       0x30 zephyr/drivers/serial/libdrivers__serial.a(uart_stm32.c.obj)
                0x0000000008003c44                lpuartdiv_calc
 .text.uart_stm32_set_baudrate
                0x0000000008003c74      0x11c zephyr/drivers/serial/libdrivers__serial.a(uart_stm32.c.obj)
 .text.uart_stm32_configure
                0x0000000008003d90       0xe8 zephyr/drivers/serial/libdrivers__serial.a(uart_stm32.c.obj)
 .text.uart_stm32_init
                0x0000000008003e78      0x1d8 zephyr/drivers/serial/libdrivers__serial.a(uart_stm32.c.obj)
 .text.elapsed  0x0000000008004050       0x4c zephyr/drivers/timer/libdrivers__timer.a(cortex_m_systick.c.obj)
 .text.sys_clock_driver_init
                0x000000000800409c       0x38 zephyr/drivers/timer/libdrivers__timer.a(cortex_m_systick.c.obj)
 .text.sys_clock_isr
                0x00000000080040d4       0x50 zephyr/drivers/timer/libdrivers__timer.a(cortex_m_systick.c.obj)
                0x00000000080040d4                sys_clock_isr
 .text.sys_clock_set_timeout
                0x0000000008004124       0xe8 zephyr/drivers/timer/libdrivers__timer.a(cortex_m_systick.c.obj)
                0x0000000008004124                sys_clock_set_timeout
 .text.sys_clock_elapsed
                0x000000000800420c       0x3c zephyr/drivers/timer/libdrivers__timer.a(cortex_m_systick.c.obj)
                0x000000000800420c                sys_clock_elapsed
 .text.sys_clock_cycle_get_32
                0x0000000008004248       0x28 zephyr/drivers/timer/libdrivers__timer.a(cortex_m_systick.c.obj)
                0x0000000008004248                sys_clock_cycle_get_32
 .text.HAL_RCC_GetSysClockFreq
                0x0000000008004270       0xe4 modules/hal_stm32/stm32cube/lib..__modules__hal__stm32__stm32cube.a(stm32wlxx_hal_rcc.c.obj)
                0x0000000008004270                HAL_RCC_GetSysClockFreq
 .text.LL_SetFlashLatency
                0x0000000008004354       0xa4 modules/hal_stm32/stm32cube/lib..__modules__hal__stm32__stm32cube.a(stm32wlxx_ll_utils.c.obj)
                0x0000000008004354                LL_SetFlashLatency
 .text.k_sys_fatal_error_handler
                0x00000000080043f8       0x20 zephyr/kernel/libkernel.a(fatal.c.obj)
                0x00000000080043f8                k_sys_fatal_error_handler
 .text.z_fatal_error
                0x0000000008004418       0xe8 zephyr/kernel/libkernel.a(fatal.c.obj)
                0x0000000008004418                z_fatal_error
 .text.z_sys_init_run_level
                0x0000000008004500       0x30 zephyr/kernel/libkernel.a(init.c.obj)
 .text.bg_thread_main
                0x0000000008004530       0xc0 zephyr/kernel/libkernel.a(init.c.obj)
 .text.z_bss_zero
                0x00000000080045f0       0x18 zephyr/kernel/libkernel.a(init.c.obj)
                0x00000000080045f0                z_bss_zero
 .text.z_init_cpu
                0x0000000008004608       0x70 zephyr/kernel/libkernel.a(init.c.obj)
                0x0000000008004608                z_init_cpu
 .text.z_cstart
                0x0000000008004678       0xd4 zephyr/kernel/libkernel.a(init.c.obj)
                0x0000000008004678                z_cstart
 .text.z_impl_k_sem_give
                0x000000000800474c       0x68 zephyr/kernel/libkernel.a(sem.c.obj)
                0x000000000800474c                z_impl_k_sem_give
 .text.z_impl_k_sem_take
                0x00000000080047b4       0x4c zephyr/kernel/libkernel.a(sem.c.obj)
                0x00000000080047b4                z_impl_k_sem_take
 .text.z_setup_new_thread
                0x0000000008004800       0x9c zephyr/kernel/libkernel.a(thread.c.obj)
                0x0000000008004800                z_setup_new_thread
 .text.z_impl_k_thread_create
                0x000000000800489c       0x58 zephyr/kernel/libkernel.a(thread.c.obj)
                0x000000000800489c                z_impl_k_thread_create
 .text.z_dummy_thread_init
                0x00000000080048f4       0x18 zephyr/kernel/libkernel.a(thread.c.obj)
                0x00000000080048f4                z_dummy_thread_init
 .text.z_swap_irqlock
                0x000000000800490c       0x34 zephyr/kernel/libkernel.a(sched.c.obj)
 .text.ready_thread
                0x0000000008004940       0x84 zephyr/kernel/libkernel.a(sched.c.obj)
 .text.unready_thread
                0x00000000080049c4       0x54 zephyr/kernel/libkernel.a(sched.c.obj)
 .text.add_thread_timeout
                0x0000000008004a18       0x1c zephyr/kernel/libkernel.a(sched.c.obj)
 .text.move_thread_to_end_of_prio_q
                0x0000000008004a34       0x90 zephyr/kernel/libkernel.a(sched.c.obj)
                0x0000000008004a34                move_thread_to_end_of_prio_q
 .text.z_pend_curr
                0x0000000008004ac4       0x44 zephyr/kernel/libkernel.a(sched.c.obj)
                0x0000000008004ac4                z_pend_curr
 .text.z_reschedule
                0x0000000008004b08       0x24 zephyr/kernel/libkernel.a(sched.c.obj)
                0x0000000008004b08                z_reschedule
 .text.z_reschedule_irqlock
                0x0000000008004b2c       0x28 zephyr/kernel/libkernel.a(sched.c.obj)
                0x0000000008004b2c                z_reschedule_irqlock
 .text.k_sched_lock
                0x0000000008004b54       0x28 zephyr/kernel/libkernel.a(sched.c.obj)
                0x0000000008004b54                k_sched_lock
 .text.k_sched_unlock
                0x0000000008004b7c       0x68 zephyr/kernel/libkernel.a(sched.c.obj)
                0x0000000008004b7c                k_sched_unlock
 .text.z_sched_init
                0x0000000008004be4       0x10 zephyr/kernel/libkernel.a(sched.c.obj)
                0x0000000008004be4                z_sched_init
 .text.z_impl_k_yield
                0x0000000008004bf4       0x88 zephyr/kernel/libkernel.a(sched.c.obj)
                0x0000000008004bf4                z_impl_k_yield
 .text.z_tick_sleep
                0x0000000008004c7c       0x78 zephyr/kernel/libkernel.a(sched.c.obj)
 .text.z_impl_k_wakeup
                0x0000000008004cf4       0x48 zephyr/kernel/libkernel.a(sched.c.obj)
                0x0000000008004cf4                z_impl_k_wakeup
 .text.z_impl_k_sched_current_thread_query
                0x0000000008004d3c        0xc zephyr/kernel/libkernel.a(sched.c.obj)
                0x0000000008004d3c                z_impl_k_sched_current_thread_query
 .text.z_thread_abort
                0x0000000008004d48      0x140 zephyr/kernel/libkernel.a(sched.c.obj)
                0x0000000008004d48                z_thread_abort
 .text.slice_timeout
                0x0000000008004e88       0x20 zephyr/kernel/libkernel.a(timeslicing.c.obj)
 .text.thread_is_sliceable
                0x0000000008004ea8       0x3c zephyr/kernel/libkernel.a(timeslicing.c.obj)
                0x0000000008004ea8                thread_is_sliceable
 .text.z_reset_time_slice
                0x0000000008004ee4       0x50 zephyr/kernel/libkernel.a(timeslicing.c.obj)
                0x0000000008004ee4                z_reset_time_slice
 .text.z_time_slice
                0x0000000008004f34       0x60 zephyr/kernel/libkernel.a(timeslicing.c.obj)
                0x0000000008004f34                z_time_slice
 .text.z_data_copy
                0x0000000008004f94       0x38 zephyr/kernel/libkernel.a(xip.c.obj)
                0x0000000008004f94                z_data_copy
 .text.first    0x0000000008004fcc       0x10 zephyr/kernel/libkernel.a(timeout.c.obj)
 .text.elapsed  0x0000000008004fdc       0x14 zephyr/kernel/libkernel.a(timeout.c.obj)
 .text.remove_timeout
                0x0000000008004ff0       0x38 zephyr/kernel/libkernel.a(timeout.c.obj)
 .text.z_add_timeout
                0x0000000008005028      0x120 zephyr/kernel/libkernel.a(timeout.c.obj)
                0x0000000008005028                z_add_timeout
 .text.sys_clock_announce
                0x0000000008005148       0xc0 zephyr/kernel/libkernel.a(timeout.c.obj)
                0x0000000008005148                sys_clock_announce
 .text.sys_clock_tick_get
                0x0000000008005208       0x30 zephyr/kernel/libkernel.a(timeout.c.obj)
                0x0000000008005208                sys_clock_tick_get
 .text.z_timer_expiration_handler
                0x0000000008005238      0x110 zephyr/kernel/libkernel.a(timer.c.obj)
                0x0000000008005238                z_timer_expiration_handler
 .text.z_impl_k_timer_start
                0x0000000008005348       0x70 zephyr/kernel/libkernel.a(timer.c.obj)
                0x0000000008005348                z_impl_k_timer_start
 .text.boot_banner
                0x00000000080053b8        0xc zephyr/kernel/libkernel.a(banner.c.obj)
                0x00000000080053b8                boot_banner
 .text.snprintf
                0x00000000080053c4       0x54 c:\asignaturas\emb_pla_com\zephyr-sdk-0.17.2\arm-zephyr-eabi\bin\../lib/gcc/../../picolibc/arm-zephyr-eabi/lib/thumb/v7e-m/nofp\libc.a(libc_tinystdio_snprintf.c.o)
                0x00000000080053c4                snprintf
 .text.skip_to_arg
                0x0000000008005418      0x138 c:\asignaturas\emb_pla_com\zephyr-sdk-0.17.2\arm-zephyr-eabi\bin\../lib/gcc/../../picolibc/arm-zephyr-eabi/lib/thumb/v7e-m/nofp\libc.a(libc_tinystdio_vfprintf.c.o)
 .text.vfprintf
                0x0000000008005550      0x9c4 c:\asignaturas\emb_pla_com\zephyr-sdk-0.17.2\arm-zephyr-eabi\bin\../lib/gcc/../../picolibc/arm-zephyr-eabi/lib/thumb/v7e-m/nofp\libc.a(libc_tinystdio_vfprintf.c.o)
                0x0000000008005550                __d_vfprintf
 .text.div10    0x0000000008005f14       0x28 c:\asignaturas\emb_pla_com\zephyr-sdk-0.17.2\arm-zephyr-eabi\bin\../lib/gcc/../../picolibc/arm-zephyr-eabi/lib/thumb/v7e-m/nofp\libc.a(libc_tinystdio_dtoa_ryu.c.o)
 .text.__dtoa_engine
                0x0000000008005f3c      0x49c c:\asignaturas\emb_pla_com\zephyr-sdk-0.17.2\arm-zephyr-eabi\bin\../lib/gcc/../../picolibc/arm-zephyr-eabi/lib/thumb/v7e-m/nofp\libc.a(libc_tinystdio_dtoa_ryu.c.o)
                0x0000000008005f3c                __dtoa_engine
 .text.__log10Pow2
                0x00000000080063d8        0xc c:\asignaturas\emb_pla_com\zephyr-sdk-0.17.2\arm-zephyr-eabi\bin\../lib/gcc/../../picolibc/arm-zephyr-eabi/lib/thumb/v7e-m/nofp\libc.a(libc_tinystdio_ryu_log10.c.o)
                0x00000000080063d8                __log10Pow2
 .text.__log10Pow5
                0x00000000080063e4        0xc c:\asignaturas\emb_pla_com\zephyr-sdk-0.17.2\arm-zephyr-eabi\bin\../lib/gcc/../../picolibc/arm-zephyr-eabi/lib/thumb/v7e-m/nofp\libc.a(libc_tinystdio_ryu_log10.c.o)
                0x00000000080063e4                __log10Pow5
 .text.__pow5bits
                0x00000000080063f0       0x10 c:\asignaturas\emb_pla_com\zephyr-sdk-0.17.2\arm-zephyr-eabi\bin\../lib/gcc/../../picolibc/arm-zephyr-eabi/lib/thumb/v7e-m/nofp\libc.a(libc_tinystdio_ryu_pow5bits.c.o)
                0x00000000080063f0                __pow5bits
 .text.__pow5Factor
                0x0000000008006400       0x30 c:\asignaturas\emb_pla_com\zephyr-sdk-0.17.2\arm-zephyr-eabi\bin\../lib/gcc/../../picolibc/arm-zephyr-eabi/lib/thumb/v7e-m/nofp\libc.a(libc_tinystdio_ryu_table.c.o)
                0x0000000008006400                __pow5Factor
 .text.__double_computePow5
                0x0000000008006430       0xe8 c:\asignaturas\emb_pla_com\zephyr-sdk-0.17.2\arm-zephyr-eabi\bin\../lib/gcc/../../picolibc/arm-zephyr-eabi/lib/thumb/v7e-m/nofp\libc.a(libc_tinystdio_ryu_table.c.o)
                0x0000000008006430                __double_computePow5
 .text.__double_computeInvPow5
                0x0000000008006518       0xf8 c:\asignaturas\emb_pla_com\zephyr-sdk-0.17.2\arm-zephyr-eabi\bin\../lib/gcc/../../picolibc/arm-zephyr-eabi/lib/thumb/v7e-m/nofp\libc.a(libc_tinystdio_ryu_table.c.o)
                0x0000000008006518                __double_computeInvPow5
 .text._OffsetAbsSyms
                0x0000000008006610        0x2 zephyr/CMakeFiles/offsets.dir/./arch/arm/core/offsets/offsets.c.obj
                0x0000000008006610                _OffsetAbsSyms
 .text.chunk_size
                0x0000000008006612        0xa zephyr/libzephyr.a(heap.c.obj)
 .text.free_list_add
                0x000000000800661c       0x4e zephyr/libzephyr.a(heap.c.obj)
 .text.sys_heap_init
                0x000000000800666a       0x7a zephyr/libzephyr.a(heap.c.obj)
                0x000000000800666a                sys_heap_init
 .text.cbpprintf_external
                0x00000000080066e4       0x62 zephyr/libzephyr.a(cbprintf_packaged.c.obj)
                0x00000000080066e4                cbpprintf_external
 .text.is_ptr   0x0000000008006746       0x4a zephyr/libzephyr.a(cbprintf_packaged.c.obj)
                0x0000000008006746                is_ptr
 .text.arch_printk_char_out
                0x0000000008006790        0x4 zephyr/libzephyr.a(printk.c.obj)
                0x0000000008006790                arch_printk_char_out
 .text.printk   0x0000000008006794       0x1a zephyr/libzephyr.a(printk.c.obj)
                0x0000000008006794                printk
 .text.free_space
                0x00000000080067ae       0x26 zephyr/libzephyr.a(mpsc_pbuf.c.obj)
 .text.get_usage
                0x00000000080067d4       0x22 zephyr/libzephyr.a(mpsc_pbuf.c.obj)
 .text.idx_inc  0x00000000080067f6       0x1c zephyr/libzephyr.a(mpsc_pbuf.c.obj)
 .text.rd_idx_inc
                0x0000000008006812       0x18 zephyr/libzephyr.a(mpsc_pbuf.c.obj)
 .text.add_skip_item
                0x000000000800682a       0x3a zephyr/libzephyr.a(mpsc_pbuf.c.obj)
 .text.drop_item_locked
                0x0000000008006864      0x100 zephyr/libzephyr.a(mpsc_pbuf.c.obj)
 .text.post_drop_action
                0x0000000008006964       0x36 zephyr/libzephyr.a(mpsc_pbuf.c.obj)
 .text.max_utilization_update
                0x000000000800699a       0x1a zephyr/libzephyr.a(mpsc_pbuf.c.obj)
 .text.mpsc_pbuf_init
                0x00000000080069b4       0x42 zephyr/libzephyr.a(mpsc_pbuf.c.obj)
                0x00000000080069b4                mpsc_pbuf_init
 .text.mpsc_pbuf_alloc
                0x00000000080069f6       0xfe zephyr/libzephyr.a(mpsc_pbuf.c.obj)
                0x00000000080069f6                mpsc_pbuf_alloc
 .text.mpsc_pbuf_commit
                0x0000000008006af4       0x3e zephyr/libzephyr.a(mpsc_pbuf.c.obj)
                0x0000000008006af4                mpsc_pbuf_commit
 .text.mpsc_pbuf_claim
                0x0000000008006b32       0xa8 zephyr/libzephyr.a(mpsc_pbuf.c.obj)
                0x0000000008006b32                mpsc_pbuf_claim
 .text.mpsc_pbuf_free
                0x0000000008006bda       0x76 zephyr/libzephyr.a(mpsc_pbuf.c.obj)
                0x0000000008006bda                mpsc_pbuf_free
 .text.mpsc_pbuf_is_pending
                0x0000000008006c50       0x32 zephyr/libzephyr.a(mpsc_pbuf.c.obj)
                0x0000000008006c50                mpsc_pbuf_is_pending
 .text._ConfigAbsSyms
                0x0000000008006c82        0x2 zephyr/libzephyr.a(configs.c.obj)
                0x0000000008006c82                _ConfigAbsSyms
 .text.log_msg_generic_get_wlen
                0x0000000008006c84       0x20 zephyr/libzephyr.a(log_core.c.obj)
 .text.dummy_timestamp
                0x0000000008006ca4        0x4 zephyr/libzephyr.a(log_core.c.obj)
 .text.atomic_inc
                0x0000000008006ca8       0x1a zephyr/libzephyr.a(log_core.c.obj)
 .text.default_lf_get_timestamp
                0x0000000008006cc2       0x10 zephyr/libzephyr.a(log_core.c.obj)
 .text.z_log_vprintk
                0x0000000008006cd2       0x1c zephyr/libzephyr.a(log_core.c.obj)
                0x0000000008006cd2                z_log_vprintk
 .text.z_log_notify_drop
                0x0000000008006cee        0x6 zephyr/libzephyr.a(log_core.c.obj)
 .text.z_log_get_tag
                0x0000000008006cf4        0x4 zephyr/libzephyr.a(log_core.c.obj)
                0x0000000008006cf4                z_log_get_tag
 .text.log_backend_enable
                0x0000000008006cf8       0x12 zephyr/libzephyr.a(log_mgmt.c.obj)
                0x0000000008006cf8                log_backend_enable
 .text.z_cbprintf_cpy
                0x0000000008006d0a       0x2e zephyr/libzephyr.a(log_msg.c.obj)
 .text.z_log_msg_finalize
                0x0000000008006d38       0x32 zephyr/libzephyr.a(log_msg.c.obj)
                0x0000000008006d38                z_log_msg_finalize
 .text.z_log_msg_simple_create
                0x0000000008006d6a       0x6e zephyr/libzephyr.a(log_msg.c.obj)
 .text.z_impl_z_log_msg_simple_create_0
                0x0000000008006dd8       0x12 zephyr/libzephyr.a(log_msg.c.obj)
                0x0000000008006dd8                z_impl_z_log_msg_simple_create_0
 .text.z_impl_z_log_msg_simple_create_1
                0x0000000008006dea       0x14 zephyr/libzephyr.a(log_msg.c.obj)
                0x0000000008006dea                z_impl_z_log_msg_simple_create_1
 .text.z_impl_z_log_msg_simple_create_2
                0x0000000008006dfe       0x18 zephyr/libzephyr.a(log_msg.c.obj)
                0x0000000008006dfe                z_impl_z_log_msg_simple_create_2
 .text.log_output_write
                0x0000000008006e16       0x1c zephyr/libzephyr.a(log_output.c.obj)
 .text.log_output_flush
                0x0000000008006e32       0x1a zephyr/libzephyr.a(log_output.c.obj)
 .text.out_func
                0x0000000008006e4c       0x36 zephyr/libzephyr.a(log_output.c.obj)
 .text.cr_out_func
                0x0000000008006e82       0x1c zephyr/libzephyr.a(log_output.c.obj)
 .text.log_output_msg_process
                0x0000000008006e9e       0x6a zephyr/libzephyr.a(log_output.c.obj)
                0x0000000008006e9e                log_output_msg_process
 .text.format_set
                0x0000000008006f08        0xc zephyr/libzephyr.a(log_backend_uart.c.obj)
 .text.log_backend_uart_init
                0x0000000008006f14        0xc zephyr/libzephyr.a(log_backend_uart.c.obj)
 .text.panic    0x0000000008006f20       0x32 zephyr/libzephyr.a(log_backend_uart.c.obj)
 .text.dropped  0x0000000008006f52        0xa zephyr/libzephyr.a(log_backend_uart.c.obj)
 .text.process  0x0000000008006f5c       0x1e zephyr/libzephyr.a(log_backend_uart.c.obj)
 .text.z_do_kernel_oops
                0x0000000008006f7a        0x8 zephyr/arch/arch/arm/core/libarch__arm__core.a(fatal.c.obj)
                0x0000000008006f7a                z_do_kernel_oops
 .text.z_arm_nmi
                0x0000000008006f82        0xe zephyr/arch/arch/arm/core/libarch__arm__core.a(nmi.c.obj)
                0x0000000008006f82                z_arm_nmi
 .text.z_log_msg_simple_create_0.constprop.0
                0x0000000008006f90        0x8 zephyr/arch/arch/arm/core/cortex_m/libarch__arm__core__cortex_m.a(fault.c.obj)
 .text.z_irq_spurious
                0x0000000008006f98        0x8 zephyr/arch/arch/arm/core/cortex_m/libarch__arm__core__cortex_m.a(irq_manage.c.obj)
                0x0000000008006f98                z_irq_spurious
 .text.z_prep_c
                0x0000000008006fa0       0x16 zephyr/arch/arch/arm/core/cortex_m/libarch__arm__core__cortex_m.a(prep_c.c.obj)
                0x0000000008006fa0                z_prep_c
 .text.arch_coprocessors_disable
                0x0000000008006fb6        0x6 zephyr/arch/arch/arm/core/cortex_m/libarch__arm__core__cortex_m.a(thread.c.obj)
                0x0000000008006fb6                arch_coprocessors_disable
 .text.arch_irq_unlock_outlined
                0x0000000008006fbc        0xe zephyr/arch/arch/arm/core/cortex_m/libarch__arm__core__cortex_m.a(thread.c.obj)
                0x0000000008006fbc                arch_irq_unlock_outlined
 .text.arch_cpu_idle
                0x0000000008006fca       0x1a zephyr/arch/arch/arm/core/cortex_m/libarch__arm__core__cortex_m.a(cpu_idle.c.obj)
                0x0000000008006fca                arch_cpu_idle
 .text.size_to_mpu_rasr_size
                0x0000000008006fe4       0x20 zephyr/arch/arch/arm/core/mpu/libarch__arm__core__mpu.a(arm_mpu.c.obj)
 .text.cbputc   0x0000000008007004        0xc zephyr/lib/libc/picolibc/liblib__libc__picolibc.a(cbprintf.c.obj)
 .text.picolibc_put
                0x0000000008007010        0xa zephyr/lib/libc/picolibc/liblib__libc__picolibc.a(stdio.c.obj)
 .text.stm32_exti_gpio_intc_init
                0x000000000800701a       0x92 zephyr/drivers/interrupt_controller/libdrivers__interrupt_controller.a(intc_gpio_stm32.c.obj)
 .text.stm32_gpio_intc_get_pin_irq_line
                0x00000000080070ac        0xa zephyr/drivers/interrupt_controller/libdrivers__interrupt_controller.a(intc_gpio_stm32.c.obj)
                0x00000000080070ac                stm32_gpio_intc_get_pin_irq_line
 .text.stm32_exti_set_line_src_port
                0x00000000080070b6       0x3c zephyr/drivers/interrupt_controller/libdrivers__interrupt_controller.a(intc_gpio_stm32.c.obj)
                0x00000000080070b6                stm32_exti_set_line_src_port
 .text.adc_stm32_isr_18_init
                0x00000000080070f2       0x16 zephyr/drivers/adc/libdrivers__adc.a(adc_stm32.c.obj)
 .text.z_log_msg_simple_create_0.constprop.0
                0x0000000008007108        0x8 zephyr/drivers/adc/libdrivers__adc.a(adc_stm32.c.obj)
 .text.adc_stm32_calibration_start.constprop.0.isra.0
                0x0000000008007110       0x1a zephyr/drivers/adc/libdrivers__adc.a(adc_stm32.c.obj)
 .text.adc_context_start_sampling
                0x000000000800712a       0x1e zephyr/drivers/adc/libdrivers__adc.a(adc_stm32.c.obj)
 .text.adc_context_on_timer_expired
                0x0000000008007148       0x2e zephyr/drivers/adc/libdrivers__adc.a(adc_stm32.c.obj)
 .text.adc_stm32_enable.isra.0
                0x0000000008007176       0x32 zephyr/drivers/adc/libdrivers__adc.a(adc_stm32.c.obj)
 .text.adc_stm32_disable
                0x00000000080071a8       0x3a zephyr/drivers/adc/libdrivers__adc.a(adc_stm32.c.obj)
 .text.LL_RCC_HSI_IsReady
                0x00000000080071e2        0xc zephyr/drivers/clock_control/libdrivers__clock_control.a(clock_stm32_ll_common.c.obj)
 .text.stm32_clock_control_on
                0x00000000080071ee       0x3c zephyr/drivers/clock_control/libdrivers__clock_control.a(clock_stm32_ll_common.c.obj)
 .text.stm32_clock_control_off
                0x000000000800722a       0x28 zephyr/drivers/clock_control/libdrivers__clock_control.a(clock_stm32_ll_common.c.obj)
 .text.enabled_clock
                0x0000000008007252       0x20 zephyr/drivers/clock_control/libdrivers__clock_control.a(clock_stm32_ll_common.c.obj)
                0x0000000008007252                enabled_clock
 .text.stm32_clock_control_configure
                0x0000000008007272       0x4a zephyr/drivers/clock_control/libdrivers__clock_control.a(clock_stm32_ll_common.c.obj)
 .text.stm32_clock_control_get_status
                0x00000000080072bc       0x34 zephyr/drivers/clock_control/libdrivers__clock_control.a(clock_stm32_ll_common.c.obj)
 .text.config_regulator_voltage
                0x00000000080072f0        0x2 zephyr/drivers/clock_control/libdrivers__clock_control.a(clock_stm32_ll_common.c.obj)
                0x00000000080072f0                config_regulator_voltage
 .text.config_enable_default_clocks
                0x00000000080072f2        0x2 zephyr/drivers/clock_control/libdrivers__clock_control.a(clock_stm32l4_l5_wb_wl.c.obj)
                0x00000000080072f2                config_enable_default_clocks
 .text.gpio_stm32_port_get_raw
                0x00000000080072f4        0xc zephyr/drivers/gpio/libdrivers__gpio.a(gpio_stm32.c.obj)
 .text.gpio_stm32_port_set_masked_raw
                0x0000000008007300       0x12 zephyr/drivers/gpio/libdrivers__gpio.a(gpio_stm32.c.obj)
 .text.gpio_stm32_port_set_bits_raw
                0x0000000008007312        0xa zephyr/drivers/gpio/libdrivers__gpio.a(gpio_stm32.c.obj)
 .text.gpio_stm32_port_clear_bits_raw
                0x000000000800731c        0xa zephyr/drivers/gpio/libdrivers__gpio.a(gpio_stm32.c.obj)
 .text.gpio_stm32_port_toggle_bits
                0x0000000008007326        0xe zephyr/drivers/gpio/libdrivers__gpio.a(gpio_stm32.c.obj)
 .text.gpio_stm32_manage_callback
                0x0000000008007334       0x52 zephyr/drivers/gpio/libdrivers__gpio.a(gpio_stm32.c.obj)
 .text.gpio_stm32_configure_raw.isra.0
                0x0000000008007386      0x106 zephyr/drivers/gpio/libdrivers__gpio.a(gpio_stm32.c.obj)
 .text.gpio_stm32_config
                0x000000000800748c       0xd4 zephyr/drivers/gpio/libdrivers__gpio.a(gpio_stm32.c.obj)
 .text.gpio_stm32_isr
                0x0000000008007560       0x2c zephyr/drivers/gpio/libdrivers__gpio.a(gpio_stm32.c.obj)
 .text.gpio_stm32_configure
                0x000000000800758c       0x2a zephyr/drivers/gpio/libdrivers__gpio.a(gpio_stm32.c.obj)
                0x000000000800758c                gpio_stm32_configure
 .text.pinctrl_lookup_state
                0x00000000080075b6       0x26 zephyr/drivers/pinctrl/libdrivers__pinctrl.a(common.c.obj)
                0x00000000080075b6                pinctrl_lookup_state
 .text.reset_stm32_status
                0x00000000080075dc       0x20 zephyr/drivers/reset/libdrivers__reset.a(reset_stm32.c.obj)
 .text.reset_stm32_line_assert
                0x00000000080075fc       0x1c zephyr/drivers/reset/libdrivers__reset.a(reset_stm32.c.obj)
 .text.reset_stm32_line_deassert
                0x0000000008007618       0x1e zephyr/drivers/reset/libdrivers__reset.a(reset_stm32.c.obj)
 .text.reset_stm32_line_toggle
                0x0000000008007636       0x16 zephyr/drivers/reset/libdrivers__reset.a(reset_stm32.c.obj)
 .text.uart_stm32_ll2cfg_databits
                0x000000000800764c       0x2a zephyr/drivers/serial/libdrivers__serial.a(uart_stm32.c.obj)
 .text.uart_stm32_err_check
                0x0000000008007676       0x5a zephyr/drivers/serial/libdrivers__serial.a(uart_stm32.c.obj)
 .text.uart_stm32_irq_tx_enable
                0x00000000080076d0       0x16 zephyr/drivers/serial/libdrivers__serial.a(uart_stm32.c.obj)
 .text.uart_stm32_irq_tx_disable
                0x00000000080076e6       0x16 zephyr/drivers/serial/libdrivers__serial.a(uart_stm32.c.obj)
 .text.uart_stm32_irq_rx_enable
                0x00000000080076fc       0x16 zephyr/drivers/serial/libdrivers__serial.a(uart_stm32.c.obj)
 .text.uart_stm32_irq_rx_disable
                0x0000000008007712       0x16 zephyr/drivers/serial/libdrivers__serial.a(uart_stm32.c.obj)
 .text.uart_stm32_irq_rx_ready
                0x0000000008007728        0xc zephyr/drivers/serial/libdrivers__serial.a(uart_stm32.c.obj)
 .text.uart_stm32_irq_update
                0x0000000008007734        0x4 zephyr/drivers/serial/libdrivers__serial.a(uart_stm32.c.obj)
 .text.uart_stm32_irq_callback_set
                0x0000000008007738        0x8 zephyr/drivers/serial/libdrivers__serial.a(uart_stm32.c.obj)
 .text.uart_stm32_isr
                0x0000000008007740        0xc zephyr/drivers/serial/libdrivers__serial.a(uart_stm32.c.obj)
 .text.uart_stm32_irq_config_func_0
                0x000000000800774c       0x16 zephyr/drivers/serial/libdrivers__serial.a(uart_stm32.c.obj)
 .text.uart_stm32_irq_config_func_1
                0x0000000008007762       0x16 zephyr/drivers/serial/libdrivers__serial.a(uart_stm32.c.obj)
 .text.uart_stm32_irq_tx_complete
                0x0000000008007778        0xc zephyr/drivers/serial/libdrivers__serial.a(uart_stm32.c.obj)
 .text.uart_stm32_irq_tx_ready
                0x0000000008007784       0x14 zephyr/drivers/serial/libdrivers__serial.a(uart_stm32.c.obj)
 .text.uart_stm32_config_get
                0x0000000008007798       0x92 zephyr/drivers/serial/libdrivers__serial.a(uart_stm32.c.obj)
 .text.uart_stm32_fifo_fill
                0x000000000800782a       0x58 zephyr/drivers/serial/libdrivers__serial.a(uart_stm32.c.obj)
 .text.uart_stm32_poll_out
                0x0000000008007882       0x36 zephyr/drivers/serial/libdrivers__serial.a(uart_stm32.c.obj)
 .text.uart_stm32_irq_is_pending
                0x00000000080078b8       0x24 zephyr/drivers/serial/libdrivers__serial.a(uart_stm32.c.obj)
 .text.uart_stm32_fifo_read
                0x00000000080078dc       0x44 zephyr/drivers/serial/libdrivers__serial.a(uart_stm32.c.obj)
 .text.uart_stm32_poll_in
                0x0000000008007920       0x20 zephyr/drivers/serial/libdrivers__serial.a(uart_stm32.c.obj)
 .text.uart_stm32_parameters_set
                0x0000000008007940      0x13e zephyr/drivers/serial/libdrivers__serial.a(uart_stm32.c.obj)
 .text.z_impl_k_busy_wait
                0x0000000008007a7e       0x1c zephyr/kernel/libkernel.a(busy_wait.c.obj)
                0x0000000008007a7e                z_impl_k_busy_wait
 .text.z_device_state_init
                0x0000000008007a9a        0x2 zephyr/kernel/libkernel.a(device.c.obj)
                0x0000000008007a9a                z_device_state_init
 .text.z_impl_device_is_ready
                0x0000000008007a9c       0x16 zephyr/kernel/libkernel.a(device.c.obj)
                0x0000000008007a9c                z_impl_device_is_ready
 .text.arch_system_halt
                0x0000000008007ab2       0x10 zephyr/kernel/libkernel.a(fatal.c.obj)
                0x0000000008007ab2                arch_system_halt
 .text.do_device_init
                0x0000000008007ac2       0x2e zephyr/kernel/libkernel.a(init.c.obj)
 .text.z_early_memset
                0x0000000008007af0        0x4 zephyr/kernel/libkernel.a(init.c.obj)
                0x0000000008007af0                z_early_memset
 .text.z_early_memcpy
                0x0000000008007af4        0x4 zephyr/kernel/libkernel.a(init.c.obj)
                0x0000000008007af4                z_early_memcpy
 .text.idle     0x0000000008007af8       0x16 zephyr/kernel/libkernel.a(idle.c.obj)
                0x0000000008007af8                idle
 .text.z_impl_k_sem_init
                0x0000000008007b0e       0x18 zephyr/kernel/libkernel.a(sem.c.obj)
                0x0000000008007b0e                z_impl_k_sem_init
 .text.k_is_in_isr
                0x0000000008007b26        0xc zephyr/kernel/libkernel.a(thread.c.obj)
                0x0000000008007b26                k_is_in_isr
 .text.z_impl_k_thread_name_set
                0x0000000008007b32        0x6 zephyr/kernel/libkernel.a(thread.c.obj)
                0x0000000008007b32                z_impl_k_thread_name_set
 .text.k_thread_name_get
                0x0000000008007b38        0x4 zephyr/kernel/libkernel.a(thread.c.obj)
                0x0000000008007b38                k_thread_name_get
 .text.sys_dlist_remove
                0x0000000008007b3c       0x10 zephyr/kernel/libkernel.a(sched.c.obj)
 .text.unpend_thread_no_timeout
                0x0000000008007b4c       0x14 zephyr/kernel/libkernel.a(sched.c.obj)
 .text.add_to_waitq_locked
                0x0000000008007b60       0x50 zephyr/kernel/libkernel.a(sched.c.obj)
 .text.z_ready_thread
                0x0000000008007bb0       0x1e zephyr/kernel/libkernel.a(sched.c.obj)
                0x0000000008007bb0                z_ready_thread
 .text.z_unpend_thread_no_timeout
                0x0000000008007bce       0x22 zephyr/kernel/libkernel.a(sched.c.obj)
                0x0000000008007bce                z_unpend_thread_no_timeout
 .text.z_sched_wake_thread
                0x0000000008007bf0       0x46 zephyr/kernel/libkernel.a(sched.c.obj)
                0x0000000008007bf0                z_sched_wake_thread
 .text.z_thread_timeout
                0x0000000008007c36        0x8 zephyr/kernel/libkernel.a(sched.c.obj)
                0x0000000008007c36                z_thread_timeout
 .text.z_unpend1_no_timeout
                0x0000000008007c3e       0x2c zephyr/kernel/libkernel.a(sched.c.obj)
                0x0000000008007c3e                z_unpend1_no_timeout
 .text.z_impl_k_sleep
                0x0000000008007c6a       0x50 zephyr/kernel/libkernel.a(sched.c.obj)
                0x0000000008007c6a                z_impl_k_sleep
 .text.next_timeout
                0x0000000008007cba       0x2e zephyr/kernel/libkernel.a(timeout.c.obj)
 .text.z_abort_timeout
                0x0000000008007ce8       0x50 zephyr/kernel/libkernel.a(timeout.c.obj)
                0x0000000008007ce8                z_abort_timeout
 .text.sys_clock_tick_get_32
                0x0000000008007d38        0x8 zephyr/kernel/libkernel.a(timeout.c.obj)
                0x0000000008007d38                sys_clock_tick_get_32
 .text.z_impl_k_uptime_ticks
                0x0000000008007d40        0x4 zephyr/kernel/libkernel.a(timeout.c.obj)
                0x0000000008007d40                z_impl_k_uptime_ticks
 .text.k_timer_init
                0x0000000008007d44       0x18 zephyr/kernel/libkernel.a(timer.c.obj)
                0x0000000008007d44                k_timer_init
 .text.z_impl_k_timer_stop
                0x0000000008007d5c       0x38 zephyr/kernel/libkernel.a(timer.c.obj)
                0x0000000008007d5c                z_impl_k_timer_stop
 .text.memcpy   0x0000000008007d94       0x1c c:\asignaturas\emb_pla_com\zephyr-sdk-0.17.2\arm-zephyr-eabi\bin\../lib/gcc/../../picolibc/arm-zephyr-eabi/lib/thumb/v7e-m/nofp\libc.a(memcpy.c.o)
                0x0000000008007d94                __aeabi_memcpy
                0x0000000008007d94                __aeabi_memcpy4
                0x0000000008007d94                __aeabi_memcpy8
                0x0000000008007d94                memcpy
 .text.memset   0x0000000008007db0       0x10 c:\asignaturas\emb_pla_com\zephyr-sdk-0.17.2\arm-zephyr-eabi\bin\../lib/gcc/../../picolibc/arm-zephyr-eabi/lib/thumb/v7e-m/nofp\libc.a(memset.c.o)
                0x0000000008007db0                memset
 .text.strnlen  0x0000000008007dc0       0x18 c:\asignaturas\emb_pla_com\zephyr-sdk-0.17.2\arm-zephyr-eabi\bin\../lib/gcc/../../picolibc/arm-zephyr-eabi/lib/thumb/v7e-m/nofp\libc.a(libc_string_strnlen.c.o)
                0x0000000008007dc0                strnlen
 .text.strstr   0x0000000008007dd8       0x2c c:\asignaturas\emb_pla_com\zephyr-sdk-0.17.2\arm-zephyr-eabi\bin\../lib/gcc/../../picolibc/arm-zephyr-eabi/lib/thumb/v7e-m/nofp\libc.a(libc_string_strstr.c.o)
                0x0000000008007dd8                strstr
 .text.__ultoa_invert
                0x0000000008007e04       0x50 c:\asignaturas\emb_pla_com\zephyr-sdk-0.17.2\arm-zephyr-eabi\bin\../lib/gcc/../../picolibc/arm-zephyr-eabi/lib/thumb/v7e-m/nofp\libc.a(libc_tinystdio_vfprintf.c.o)
 .text.mulShiftAll64
                0x0000000008007e54      0x176 c:\asignaturas\emb_pla_com\zephyr-sdk-0.17.2\arm-zephyr-eabi\bin\../lib/gcc/../../picolibc/arm-zephyr-eabi/lib/thumb/v7e-m/nofp\libc.a(libc_tinystdio_dtoa_ryu.c.o)
 .text.__umul128
                0x0000000008007fca       0x36 c:\asignaturas\emb_pla_com\zephyr-sdk-0.17.2\arm-zephyr-eabi\bin\../lib/gcc/../../picolibc/arm-zephyr-eabi/lib/thumb/v7e-m/nofp\libc.a(libc_tinystdio_ryu_umul128.c.o)
                0x0000000008007fca                __umul128
 .text.__shiftright128
                0x0000000008008000       0x3e c:\asignaturas\emb_pla_com\zephyr-sdk-0.17.2\arm-zephyr-eabi\bin\../lib/gcc/../../picolibc/arm-zephyr-eabi/lib/thumb/v7e-m/nofp\libc.a(libc_tinystdio_ryu_umul128.c.o)
                0x0000000008008000                __shiftright128
 .text.__dtox_engine
                0x000000000800803e      0x128 c:\asignaturas\emb_pla_com\zephyr-sdk-0.17.2\arm-zephyr-eabi\bin\../lib/gcc/../../picolibc/arm-zephyr-eabi/lib/thumb/v7e-m/nofp\libc.a(libc_tinystdio_dtox_engine.c.o)
                0x000000000800803e                __dtox_engine
 .text.__file_str_put
                0x0000000008008166       0x10 c:\asignaturas\emb_pla_com\zephyr-sdk-0.17.2\arm-zephyr-eabi\bin\../lib/gcc/../../picolibc/arm-zephyr-eabi/lib/thumb/v7e-m/nofp\libc.a(libc_tinystdio_filestrput.c.o)
                0x0000000008008166                __file_str_put
 *(SORT_BY_ALIGNMENT(.TEXT.*))
 *fill*         0x0000000008008176        0x2 
 .TEXT.__aeabi_read_tp
                0x0000000008008178        0xc zephyr/arch/arch/arm/core/cortex_m/libarch__arm__core__cortex_m.a(__aeabi_read_tp.S.obj)
                0x0000000008008178                __aeabi_read_tp
 *(SORT_BY_ALIGNMENT(.gnu.linkonce.t.*))
 *(SORT_BY_ALIGNMENT(.glue_7t))
 .glue_7t       0x0000000008008184        0x0 linker stubs
 *(SORT_BY_ALIGNMENT(.glue_7))
 .glue_7        0x0000000008008184        0x0 linker stubs
 *(SORT_BY_ALIGNMENT(.vfp11_veneer))
 .vfp11_veneer  0x0000000008008184        0x0 linker stubs
 *(SORT_BY_ALIGNMENT(.v4_bx))
 .v4_bx         0x0000000008008184        0x0 linker stubs
                0x0000000008008184                . = ALIGN (0x4)
                0x0000000008008184                __text_region_end = .

.ARM.exidx      0x0000000008008184        0x8
                0x0000000008008184                __exidx_start = .
 *(SORT_BY_ALIGNMENT(.ARM.exidx*) SORT_BY_ALIGNMENT(gnu.linkonce.armexidx.*))
 .ARM.exidx     0x0000000008008184        0x8 c:\asignaturas\emb_pla_com\zephyr-sdk-0.17.2\arm-zephyr-eabi\bin\../lib/gcc/../../picolibc/arm-zephyr-eabi/lib/thumb/v7e-m/nofp\libc.a(strlen.S.o)
 .ARM.exidx     0x000000000800818c        0x0 c:/asignaturas/emb_pla_com/zephyr-sdk-0.17.2/arm-zephyr-eabi/bin/../lib/gcc/arm-zephyr-eabi/12.2.0/thumb/v7e-m/nofp\libgcc.a(_udivmoddi4.o)
                                          0x8 (size before relaxing)
                0x000000000800818c                __exidx_end = .
                0x000000000800818c                __rodata_region_start = .

initlevel       0x000000000800818c       0x80
                0x000000000800818c                __init_start = .
                0x000000000800818c                __init_EARLY_start = .
 *(SORT_BY_NAME(SORT_BY_ALIGNMENT(.z_init_EARLY_P_?_*)))
 *(SORT_BY_NAME(SORT_BY_ALIGNMENT(.z_init_EARLY_P_??_*)))
 *(SORT_BY_NAME(SORT_BY_ALIGNMENT(.z_init_EARLY_P_???_*)))
                0x000000000800818c                __init_PRE_KERNEL_1_start = .
 *(SORT_BY_NAME(SORT_BY_ALIGNMENT(.z_init_PRE_KERNEL_1_P_?_*)))
 .z_init_PRE_KERNEL_1_P_1_SUB_00009_
                0x000000000800818c        0x8 zephyr/drivers/clock_control/libdrivers__clock_control.a(clock_stm32_ll_common.c.obj)
 .z_init_PRE_KERNEL_1_P_1_SUB_0_
                0x0000000008008194        0x8 zephyr/libzephyr.a(soc_config.c.obj)
 *(SORT_BY_NAME(SORT_BY_ALIGNMENT(.z_init_PRE_KERNEL_1_P_??_*)))
 .z_init_PRE_KERNEL_1_P_35_SUB_00050_
                0x000000000800819c        0x8 zephyr/drivers/reset/libdrivers__reset.a(reset_stm32.c.obj)
 .z_init_PRE_KERNEL_1_P_40_SUB_00037_
                0x00000000080081a4        0x8 zephyr/drivers/gpio/libdrivers__gpio.a(gpio_stm32.c.obj)
 .z_init_PRE_KERNEL_1_P_40_SUB_00038_
                0x00000000080081ac        0x8 zephyr/drivers/gpio/libdrivers__gpio.a(gpio_stm32.c.obj)
 .z_init_PRE_KERNEL_1_P_40_SUB_00043_
                0x00000000080081b4        0x8 zephyr/drivers/gpio/libdrivers__gpio.a(gpio_stm32.c.obj)
 .z_init_PRE_KERNEL_1_P_40_SUB_00057_
                0x00000000080081bc        0x8 zephyr/drivers/interrupt_controller/libdrivers__interrupt_controller.a(intc_exti_stm32.c.obj)
 .z_init_PRE_KERNEL_1_P_40_SUB_00083_
                0x00000000080081c4        0x8 zephyr/drivers/gpio/libdrivers__gpio.a(gpio_stm32.c.obj)
 .z_init_PRE_KERNEL_1_P_40_SUB_0_
                0x00000000080081cc        0x8 zephyr/drivers/interrupt_controller/libdrivers__interrupt_controller.a(intc_gpio_stm32.c.obj)
 .z_init_PRE_KERNEL_1_P_50_SUB_00062_
                0x00000000080081d4        0x8 zephyr/drivers/serial/libdrivers__serial.a(uart_stm32.c.obj)
 .z_init_PRE_KERNEL_1_P_50_SUB_00065_
                0x00000000080081dc        0x8 zephyr/drivers/serial/libdrivers__serial.a(uart_stm32.c.obj)
 .z_init_PRE_KERNEL_1_P_60_SUB_0_
                0x00000000080081e4        0x8 zephyr/drivers/console/libdrivers__console.a(uart_console.c.obj)
 *(SORT_BY_NAME(SORT_BY_ALIGNMENT(.z_init_PRE_KERNEL_1_P_???_*)))
                0x00000000080081ec                __init_PRE_KERNEL_2_start = .
 *(SORT_BY_NAME(SORT_BY_ALIGNMENT(.z_init_PRE_KERNEL_2_P_?_*)))
 .z_init_PRE_KERNEL_2_P_0_SUB_0_
                0x00000000080081ec        0x8 zephyr/drivers/timer/libdrivers__timer.a(cortex_m_systick.c.obj)
 *(SORT_BY_NAME(SORT_BY_ALIGNMENT(.z_init_PRE_KERNEL_2_P_??_*)))
 *(SORT_BY_NAME(SORT_BY_ALIGNMENT(.z_init_PRE_KERNEL_2_P_???_*)))
                0x00000000080081f4                __init_POST_KERNEL_start = .
 *(SORT_BY_NAME(SORT_BY_ALIGNMENT(.z_init_POST_KERNEL_P_?_*)))
 .z_init_POST_KERNEL_P_0_SUB_0_
                0x00000000080081f4        0x8 zephyr/libzephyr.a(log_core.c.obj)
 *(SORT_BY_NAME(SORT_BY_ALIGNMENT(.z_init_POST_KERNEL_P_??_*)))
 .z_init_POST_KERNEL_P_35_SUB_0_
                0x00000000080081fc        0x8 zephyr/lib/libc/common/liblib__libc__common.a(malloc.c.obj)
 .z_init_POST_KERNEL_P_50_SUB_00013_
                0x0000000008008204        0x8 zephyr/drivers/adc/libdrivers__adc.a(adc_stm32.c.obj)
 *(SORT_BY_NAME(SORT_BY_ALIGNMENT(.z_init_POST_KERNEL_P_???_*)))
                0x000000000800820c                __init_APPLICATION_start = .
 *(SORT_BY_NAME(SORT_BY_ALIGNMENT(.z_init_APPLICATION_P_?_*)))
 *(SORT_BY_NAME(SORT_BY_ALIGNMENT(.z_init_APPLICATION_P_??_*)))
 *(SORT_BY_NAME(SORT_BY_ALIGNMENT(.z_init_APPLICATION_P_???_*)))
                0x000000000800820c                __init_SMP_start = .
 *(SORT_BY_NAME(SORT_BY_ALIGNMENT(.z_init_SMP_P_?_*)))
 *(SORT_BY_NAME(SORT_BY_ALIGNMENT(.z_init_SMP_P_??_*)))
 *(SORT_BY_NAME(SORT_BY_ALIGNMENT(.z_init_SMP_P_???_*)))
                0x000000000800820c                __init_end = .

device_area     0x000000000800820c      0x140
                0x000000000800820c                _device_list_start = .
 *(SORT_BY_NAME(SORT_BY_ALIGNMENT(._device.static.*_?_*)))
 ._device.static.1_1_
                0x000000000800820c       0x20 zephyr/drivers/clock_control/libdrivers__clock_control.a(clock_stm32_ll_common.c.obj)
                0x000000000800820c                __device_dts_ord_9
 *(SORT_BY_NAME(SORT_BY_ALIGNMENT(._device.static.*_??_*)))
 ._device.static.1_35_
                0x000000000800822c       0x20 zephyr/drivers/reset/libdrivers__reset.a(reset_stm32.c.obj)
                0x000000000800822c                __device_dts_ord_50
 ._device.static.1_40_
                0x000000000800824c       0x20 zephyr/drivers/interrupt_controller/libdrivers__interrupt_controller.a(intc_exti_stm32.c.obj)
                0x000000000800824c                __device_dts_ord_57
 ._device.static.1_40_
                0x000000000800826c       0x80 zephyr/drivers/gpio/libdrivers__gpio.a(gpio_stm32.c.obj)
                0x000000000800826c                __device_dts_ord_83
                0x000000000800828c                __device_dts_ord_38
                0x00000000080082ac                __device_dts_ord_43
                0x00000000080082cc                __device_dts_ord_37
 ._device.static.1_50_
                0x00000000080082ec       0x40 zephyr/drivers/serial/libdrivers__serial.a(uart_stm32.c.obj)
                0x00000000080082ec                __device_dts_ord_62
                0x000000000800830c                __device_dts_ord_65
 ._device.static.3_50_
                0x000000000800832c       0x20 zephyr/drivers/adc/libdrivers__adc.a(adc_stm32.c.obj)
                0x000000000800832c                __device_dts_ord_13
 *(SORT_BY_NAME(SORT_BY_ALIGNMENT(._device.static.*_???_*)))
 *(SORT_BY_NAME(SORT_BY_ALIGNMENT(._device.static.*_????_*)))
 *(SORT_BY_NAME(SORT_BY_ALIGNMENT(._device.static.*_?????_*)))
                0x000000000800834c                _device_list_end = .

sw_isr_table    0x000000000800834c      0x1f0
                0x000000000800834c                . = ALIGN (0x4)
 *(SORT_BY_ALIGNMENT(.gnu.linkonce.sw_isr_table*))
 .gnu.linkonce.sw_isr_table
                0x000000000800834c      0x1f0 zephyr/arch/common/libisr_tables.a(isr_tables.c.obj)
                0x000000000800834c                _sw_isr_table

initlevel_error
                0x000000000800818c        0x0
 *(SORT_BY_NAME(SORT_BY_ALIGNMENT(.z_init_*)))
                0x0000000000000001                ASSERT ((SIZEOF (initlevel_error) == 0x0), Undefined initialization levels used.)

app_shmem_regions
                0x000000000800853c        0x0
                0x000000000800853c                __app_shmem_regions_start = .
 *(SORT_BY_NAME(SORT_BY_ALIGNMENT(.app_regions.*)))
                0x000000000800853c                __app_shmem_regions_end = .

k_p4wq_initparam_area
                0x000000000800853c        0x0
                0x000000000800853c                _k_p4wq_initparam_list_start = .
 *(SORT_BY_NAME(SORT_BY_ALIGNMENT(._k_p4wq_initparam.static.*)))
                0x000000000800853c                _k_p4wq_initparam_list_end = .

_static_thread_data_area
                0x0000000008008540       0x30
                0x0000000008008540                __static_thread_data_list_start = .
 *(SORT_BY_NAME(SORT_BY_ALIGNMENT(.__static_thread_data.static.*)))
 .__static_thread_data.static._k_thread_data_my_thread_id_
                0x0000000008008540       0x30 app/libapp.a(main.c.obj)
                0x0000000008008540                _k_thread_data_my_thread_id
                0x0000000008008570                __static_thread_data_list_end = .

device_deps     0x0000000008008570        0x0
                0x0000000008008570                __device_deps_start = .
 *(SORT_BY_NAME(SORT_BY_ALIGNMENT(.__device_deps_pass2*)))
                0x0000000008008570                __device_deps_end = .

adc_driver_api_area
                0x0000000008008570        0xc
                0x0000000008008570                _adc_driver_api_list_start = .
 *(SORT_BY_NAME(SORT_BY_ALIGNMENT(._adc_driver_api.static.*)))
 ._adc_driver_api.static.api_stm32_driver_api_
                0x0000000008008570        0xc zephyr/drivers/adc/libdrivers__adc.a(adc_stm32.c.obj)
                0x000000000800857c                _adc_driver_api_list_end = .

gpio_driver_api_area
                0x000000000800857c       0x24
                0x000000000800857c                _gpio_driver_api_list_start = .
 *(SORT_BY_NAME(SORT_BY_ALIGNMENT(._gpio_driver_api.static.*)))
 ._gpio_driver_api.static.gpio_stm32_driver_
                0x000000000800857c       0x24 zephyr/drivers/gpio/libdrivers__gpio.a(gpio_stm32.c.obj)
                0x00000000080085a0                _gpio_driver_api_list_end = .

reset_driver_api_area
                0x00000000080085a0       0x10
                0x00000000080085a0                _reset_driver_api_list_start = .
 *(SORT_BY_NAME(SORT_BY_ALIGNMENT(._reset_driver_api.static.*)))
 ._reset_driver_api.static.reset_stm32_driver_api_
                0x00000000080085a0       0x10 zephyr/drivers/reset/libdrivers__reset.a(reset_stm32.c.obj)
                0x00000000080085b0                _reset_driver_api_list_end = .

shared_irq_driver_api_area
                0x00000000080085b0        0x0
                0x00000000080085b0                _shared_irq_driver_api_list_start = .
 *(SORT_BY_NAME(SORT_BY_ALIGNMENT(._shared_irq_driver_api.static.*)))
                0x00000000080085b0                _shared_irq_driver_api_list_end = .

crypto_driver_api_area
                0x00000000080085b0        0x0
                0x00000000080085b0                _crypto_driver_api_list_start = .
 *(SORT_BY_NAME(SORT_BY_ALIGNMENT(._crypto_driver_api.static.*)))
                0x00000000080085b0                _crypto_driver_api_list_end = .

auxdisplay_driver_api_area
                0x00000000080085b0        0x0
                0x00000000080085b0                _auxdisplay_driver_api_list_start = .
 *(SORT_BY_NAME(SORT_BY_ALIGNMENT(._auxdisplay_driver_api.static.*)))
                0x00000000080085b0                _auxdisplay_driver_api_list_end = .

bbram_driver_api_area
                0x00000000080085b0        0x0
                0x00000000080085b0                _bbram_driver_api_list_start = .
 *(SORT_BY_NAME(SORT_BY_ALIGNMENT(._bbram_driver_api.static.*)))
                0x00000000080085b0                _bbram_driver_api_list_end = .

bt_hci_driver_api_area
                0x00000000080085b0        0x0
                0x00000000080085b0                _bt_hci_driver_api_list_start = .
 *(SORT_BY_NAME(SORT_BY_ALIGNMENT(._bt_hci_driver_api.static.*)))
                0x00000000080085b0                _bt_hci_driver_api_list_end = .

can_driver_api_area
                0x00000000080085b0        0x0
                0x00000000080085b0                _can_driver_api_list_start = .
 *(SORT_BY_NAME(SORT_BY_ALIGNMENT(._can_driver_api.static.*)))
                0x00000000080085b0                _can_driver_api_list_end = .

cellular_driver_api_area
                0x00000000080085b0        0x0
                0x00000000080085b0                _cellular_driver_api_list_start = .
 *(SORT_BY_NAME(SORT_BY_ALIGNMENT(._cellular_driver_api.static.*)))
                0x00000000080085b0                _cellular_driver_api_list_end = .

charger_driver_api_area
                0x00000000080085b0        0x0
                0x00000000080085b0                _charger_driver_api_list_start = .
 *(SORT_BY_NAME(SORT_BY_ALIGNMENT(._charger_driver_api.static.*)))
                0x00000000080085b0                _charger_driver_api_list_end = .

clock_control_driver_api_area
                0x00000000080085b0       0x1c
                0x00000000080085b0                _clock_control_driver_api_list_start = .
 *(SORT_BY_NAME(SORT_BY_ALIGNMENT(._clock_control_driver_api.static.*)))
 ._clock_control_driver_api.static.stm32_clock_control_api_
                0x00000000080085b0       0x1c zephyr/drivers/clock_control/libdrivers__clock_control.a(clock_stm32_ll_common.c.obj)
                0x00000000080085cc                _clock_control_driver_api_list_end = .

comparator_driver_api_area
                0x00000000080085cc        0x0
                0x00000000080085cc                _comparator_driver_api_list_start = .
 *(SORT_BY_NAME(SORT_BY_ALIGNMENT(._comparator_driver_api.static.*)))
                0x00000000080085cc                _comparator_driver_api_list_end = .

coredump_driver_api_area
                0x00000000080085cc        0x0
                0x00000000080085cc                _coredump_driver_api_list_start = .
 *(SORT_BY_NAME(SORT_BY_ALIGNMENT(._coredump_driver_api.static.*)))
                0x00000000080085cc                _coredump_driver_api_list_end = .

counter_driver_api_area
                0x00000000080085cc        0x0
                0x00000000080085cc                _counter_driver_api_list_start = .
 *(SORT_BY_NAME(SORT_BY_ALIGNMENT(._counter_driver_api.static.*)))
                0x00000000080085cc                _counter_driver_api_list_end = .

dac_driver_api_area
                0x00000000080085cc        0x0
                0x00000000080085cc                _dac_driver_api_list_start = .
 *(SORT_BY_NAME(SORT_BY_ALIGNMENT(._dac_driver_api.static.*)))
                0x00000000080085cc                _dac_driver_api_list_end = .

dai_driver_api_area
                0x00000000080085cc        0x0
                0x00000000080085cc                _dai_driver_api_list_start = .
 *(SORT_BY_NAME(SORT_BY_ALIGNMENT(._dai_driver_api.static.*)))
                0x00000000080085cc                _dai_driver_api_list_end = .

display_driver_api_area
                0x00000000080085cc        0x0
                0x00000000080085cc                _display_driver_api_list_start = .
 *(SORT_BY_NAME(SORT_BY_ALIGNMENT(._display_driver_api.static.*)))
                0x00000000080085cc                _display_driver_api_list_end = .

dma_driver_api_area
                0x00000000080085cc        0x0
                0x00000000080085cc                _dma_driver_api_list_start = .
 *(SORT_BY_NAME(SORT_BY_ALIGNMENT(._dma_driver_api.static.*)))
                0x00000000080085cc                _dma_driver_api_list_end = .

edac_driver_api_area
                0x00000000080085cc        0x0
                0x00000000080085cc                _edac_driver_api_list_start = .
 *(SORT_BY_NAME(SORT_BY_ALIGNMENT(._edac_driver_api.static.*)))
                0x00000000080085cc                _edac_driver_api_list_end = .

eeprom_driver_api_area
                0x00000000080085cc        0x0
                0x00000000080085cc                _eeprom_driver_api_list_start = .
 *(SORT_BY_NAME(SORT_BY_ALIGNMENT(._eeprom_driver_api.static.*)))
                0x00000000080085cc                _eeprom_driver_api_list_end = .

emul_bbram_driver_api_area
                0x00000000080085cc        0x0
                0x00000000080085cc                _emul_bbram_driver_api_list_start = .
 *(SORT_BY_NAME(SORT_BY_ALIGNMENT(._emul_bbram_driver_api.static.*)))
                0x00000000080085cc                _emul_bbram_driver_api_list_end = .

fuel_gauge_emul_driver_api_area
                0x00000000080085cc        0x0
                0x00000000080085cc                _fuel_gauge_emul_driver_api_list_start = .
 *(SORT_BY_NAME(SORT_BY_ALIGNMENT(._fuel_gauge_emul_driver_api.static.*)))
                0x00000000080085cc                _fuel_gauge_emul_driver_api_list_end = .

emul_sensor_driver_api_area
                0x00000000080085cc        0x0
                0x00000000080085cc                _emul_sensor_driver_api_list_start = .
 *(SORT_BY_NAME(SORT_BY_ALIGNMENT(._emul_sensor_driver_api.static.*)))
                0x00000000080085cc                _emul_sensor_driver_api_list_end = .

entropy_driver_api_area
                0x00000000080085cc        0x0
                0x00000000080085cc                _entropy_driver_api_list_start = .
 *(SORT_BY_NAME(SORT_BY_ALIGNMENT(._entropy_driver_api.static.*)))
                0x00000000080085cc                _entropy_driver_api_list_end = .

espi_driver_api_area
                0x00000000080085cc        0x0
                0x00000000080085cc                _espi_driver_api_list_start = .
 *(SORT_BY_NAME(SORT_BY_ALIGNMENT(._espi_driver_api.static.*)))
                0x00000000080085cc                _espi_driver_api_list_end = .

espi_saf_driver_api_area
                0x00000000080085cc        0x0
                0x00000000080085cc                _espi_saf_driver_api_list_start = .
 *(SORT_BY_NAME(SORT_BY_ALIGNMENT(._espi_saf_driver_api.static.*)))
                0x00000000080085cc                _espi_saf_driver_api_list_end = .

flash_driver_api_area
                0x00000000080085cc        0x0
                0x00000000080085cc                _flash_driver_api_list_start = .
 *(SORT_BY_NAME(SORT_BY_ALIGNMENT(._flash_driver_api.static.*)))
                0x00000000080085cc                _flash_driver_api_list_end = .

fpga_driver_api_area
                0x00000000080085cc        0x0
                0x00000000080085cc                _fpga_driver_api_list_start = .
 *(SORT_BY_NAME(SORT_BY_ALIGNMENT(._fpga_driver_api.static.*)))
                0x00000000080085cc                _fpga_driver_api_list_end = .

fuel_gauge_driver_api_area
                0x00000000080085cc        0x0
                0x00000000080085cc                _fuel_gauge_driver_api_list_start = .
 *(SORT_BY_NAME(SORT_BY_ALIGNMENT(._fuel_gauge_driver_api.static.*)))
                0x00000000080085cc                _fuel_gauge_driver_api_list_end = .

gnss_driver_api_area
                0x00000000080085cc        0x0
                0x00000000080085cc                _gnss_driver_api_list_start = .
 *(SORT_BY_NAME(SORT_BY_ALIGNMENT(._gnss_driver_api.static.*)))
                0x00000000080085cc                _gnss_driver_api_list_end = .

haptics_driver_api_area
                0x00000000080085cc        0x0
                0x00000000080085cc                _haptics_driver_api_list_start = .
 *(SORT_BY_NAME(SORT_BY_ALIGNMENT(._haptics_driver_api.static.*)))
                0x00000000080085cc                _haptics_driver_api_list_end = .

hwspinlock_driver_api_area
                0x00000000080085cc        0x0
                0x00000000080085cc                _hwspinlock_driver_api_list_start = .
 *(SORT_BY_NAME(SORT_BY_ALIGNMENT(._hwspinlock_driver_api.static.*)))
                0x00000000080085cc                _hwspinlock_driver_api_list_end = .

i2c_driver_api_area
                0x00000000080085cc        0x0
                0x00000000080085cc                _i2c_driver_api_list_start = .
 *(SORT_BY_NAME(SORT_BY_ALIGNMENT(._i2c_driver_api.static.*)))
                0x00000000080085cc                _i2c_driver_api_list_end = .

i2c_target_driver_api_area
                0x00000000080085cc        0x0
                0x00000000080085cc                _i2c_target_driver_api_list_start = .
 *(SORT_BY_NAME(SORT_BY_ALIGNMENT(._i2c_target_driver_api.static.*)))
                0x00000000080085cc                _i2c_target_driver_api_list_end = .

i2s_driver_api_area
                0x00000000080085cc        0x0
                0x00000000080085cc                _i2s_driver_api_list_start = .
 *(SORT_BY_NAME(SORT_BY_ALIGNMENT(._i2s_driver_api.static.*)))
                0x00000000080085cc                _i2s_driver_api_list_end = .

i3c_driver_api_area
                0x00000000080085cc        0x0
                0x00000000080085cc                _i3c_driver_api_list_start = .
 *(SORT_BY_NAME(SORT_BY_ALIGNMENT(._i3c_driver_api.static.*)))
                0x00000000080085cc                _i3c_driver_api_list_end = .

ipm_driver_api_area
                0x00000000080085cc        0x0
                0x00000000080085cc                _ipm_driver_api_list_start = .
 *(SORT_BY_NAME(SORT_BY_ALIGNMENT(._ipm_driver_api.static.*)))
                0x00000000080085cc                _ipm_driver_api_list_end = .

led_driver_api_area
                0x00000000080085cc        0x0
                0x00000000080085cc                _led_driver_api_list_start = .
 *(SORT_BY_NAME(SORT_BY_ALIGNMENT(._led_driver_api.static.*)))
                0x00000000080085cc                _led_driver_api_list_end = .

led_strip_driver_api_area
                0x00000000080085cc        0x0
                0x00000000080085cc                _led_strip_driver_api_list_start = .
 *(SORT_BY_NAME(SORT_BY_ALIGNMENT(._led_strip_driver_api.static.*)))
                0x00000000080085cc                _led_strip_driver_api_list_end = .

lora_driver_api_area
                0x00000000080085cc        0x0
                0x00000000080085cc                _lora_driver_api_list_start = .
 *(SORT_BY_NAME(SORT_BY_ALIGNMENT(._lora_driver_api.static.*)))
                0x00000000080085cc                _lora_driver_api_list_end = .

mbox_driver_api_area
                0x00000000080085cc        0x0
                0x00000000080085cc                _mbox_driver_api_list_start = .
 *(SORT_BY_NAME(SORT_BY_ALIGNMENT(._mbox_driver_api.static.*)))
                0x00000000080085cc                _mbox_driver_api_list_end = .

mdio_driver_api_area
                0x00000000080085cc        0x0
                0x00000000080085cc                _mdio_driver_api_list_start = .
 *(SORT_BY_NAME(SORT_BY_ALIGNMENT(._mdio_driver_api.static.*)))
                0x00000000080085cc                _mdio_driver_api_list_end = .

mipi_dbi_driver_api_area
                0x00000000080085cc        0x0
                0x00000000080085cc                _mipi_dbi_driver_api_list_start = .
 *(SORT_BY_NAME(SORT_BY_ALIGNMENT(._mipi_dbi_driver_api.static.*)))
                0x00000000080085cc                _mipi_dbi_driver_api_list_end = .

mipi_dsi_driver_api_area
                0x00000000080085cc        0x0
                0x00000000080085cc                _mipi_dsi_driver_api_list_start = .
 *(SORT_BY_NAME(SORT_BY_ALIGNMENT(._mipi_dsi_driver_api.static.*)))
                0x00000000080085cc                _mipi_dsi_driver_api_list_end = .

mspi_driver_api_area
                0x00000000080085cc        0x0
                0x00000000080085cc                _mspi_driver_api_list_start = .
 *(SORT_BY_NAME(SORT_BY_ALIGNMENT(._mspi_driver_api.static.*)))
                0x00000000080085cc                _mspi_driver_api_list_end = .

peci_driver_api_area
                0x00000000080085cc        0x0
                0x00000000080085cc                _peci_driver_api_list_start = .
 *(SORT_BY_NAME(SORT_BY_ALIGNMENT(._peci_driver_api.static.*)))
                0x00000000080085cc                _peci_driver_api_list_end = .

ps2_driver_api_area
                0x00000000080085cc        0x0
                0x00000000080085cc                _ps2_driver_api_list_start = .
 *(SORT_BY_NAME(SORT_BY_ALIGNMENT(._ps2_driver_api.static.*)))
                0x00000000080085cc                _ps2_driver_api_list_end = .

ptp_clock_driver_api_area
                0x00000000080085cc        0x0
                0x00000000080085cc                _ptp_clock_driver_api_list_start = .
 *(SORT_BY_NAME(SORT_BY_ALIGNMENT(._ptp_clock_driver_api.static.*)))
                0x00000000080085cc                _ptp_clock_driver_api_list_end = .

pwm_driver_api_area
                0x00000000080085cc        0x0
                0x00000000080085cc                _pwm_driver_api_list_start = .
 *(SORT_BY_NAME(SORT_BY_ALIGNMENT(._pwm_driver_api.static.*)))
                0x00000000080085cc                _pwm_driver_api_list_end = .

regulator_parent_driver_api_area
                0x00000000080085cc        0x0
                0x00000000080085cc                _regulator_parent_driver_api_list_start = .
 *(SORT_BY_NAME(SORT_BY_ALIGNMENT(._regulator_parent_driver_api.static.*)))
                0x00000000080085cc                _regulator_parent_driver_api_list_end = .

regulator_driver_api_area
                0x00000000080085cc        0x0
                0x00000000080085cc                _regulator_driver_api_list_start = .
 *(SORT_BY_NAME(SORT_BY_ALIGNMENT(._regulator_driver_api.static.*)))
                0x00000000080085cc                _regulator_driver_api_list_end = .

retained_mem_driver_api_area
                0x00000000080085cc        0x0
                0x00000000080085cc                _retained_mem_driver_api_list_start = .
 *(SORT_BY_NAME(SORT_BY_ALIGNMENT(._retained_mem_driver_api.static.*)))
                0x00000000080085cc                _retained_mem_driver_api_list_end = .

rtc_driver_api_area
                0x00000000080085cc        0x0
                0x00000000080085cc                _rtc_driver_api_list_start = .
 *(SORT_BY_NAME(SORT_BY_ALIGNMENT(._rtc_driver_api.static.*)))
                0x00000000080085cc                _rtc_driver_api_list_end = .

sdhc_driver_api_area
                0x00000000080085cc        0x0
                0x00000000080085cc                _sdhc_driver_api_list_start = .
 *(SORT_BY_NAME(SORT_BY_ALIGNMENT(._sdhc_driver_api.static.*)))
                0x00000000080085cc                _sdhc_driver_api_list_end = .

sensor_driver_api_area
                0x00000000080085cc        0x0
                0x00000000080085cc                _sensor_driver_api_list_start = .
 *(SORT_BY_NAME(SORT_BY_ALIGNMENT(._sensor_driver_api.static.*)))
                0x00000000080085cc                _sensor_driver_api_list_end = .

smbus_driver_api_area
                0x00000000080085cc        0x0
                0x00000000080085cc                _smbus_driver_api_list_start = .
 *(SORT_BY_NAME(SORT_BY_ALIGNMENT(._smbus_driver_api.static.*)))
                0x00000000080085cc                _smbus_driver_api_list_end = .

spi_driver_api_area
                0x00000000080085cc        0x0
                0x00000000080085cc                _spi_driver_api_list_start = .
 *(SORT_BY_NAME(SORT_BY_ALIGNMENT(._spi_driver_api.static.*)))
                0x00000000080085cc                _spi_driver_api_list_end = .

stepper_driver_api_area
                0x00000000080085cc        0x0
                0x00000000080085cc                _stepper_driver_api_list_start = .
 *(SORT_BY_NAME(SORT_BY_ALIGNMENT(._stepper_driver_api.static.*)))
                0x00000000080085cc                _stepper_driver_api_list_end = .

syscon_driver_api_area
                0x00000000080085cc        0x0
                0x00000000080085cc                _syscon_driver_api_list_start = .
 *(SORT_BY_NAME(SORT_BY_ALIGNMENT(._syscon_driver_api.static.*)))
                0x00000000080085cc                _syscon_driver_api_list_end = .

tee_driver_api_area
                0x00000000080085cc        0x0
                0x00000000080085cc                _tee_driver_api_list_start = .
 *(SORT_BY_NAME(SORT_BY_ALIGNMENT(._tee_driver_api.static.*)))
                0x00000000080085cc                _tee_driver_api_list_end = .

video_driver_api_area
                0x00000000080085cc        0x0
                0x00000000080085cc                _video_driver_api_list_start = .
 *(SORT_BY_NAME(SORT_BY_ALIGNMENT(._video_driver_api.static.*)))
                0x00000000080085cc                _video_driver_api_list_end = .

virtio_driver_api_area
                0x00000000080085cc        0x0
                0x00000000080085cc                _virtio_driver_api_list_start = .